Archive member included to satisfy reference by file (symbol)

C:\Users\JMCruz\Documents\LPCXpresso_8.2.0_647\workspace-TP3\lpc_board_nxp_lpcxpresso_1769\Debug\liblpc_board_nxp_lpcxpresso_1769.a(board.o)
                              ./freertos/src/FreeRTOSCommonHooks.o (Board_UARTPutSTR)
C:\Users\JMCruz\Documents\LPCXpresso_8.2.0_647\workspace-TP3\lpc_board_nxp_lpcxpresso_1769\Debug\liblpc_board_nxp_lpcxpresso_1769.a(board_sysinit.o)
                              ./example/src/sysinit.o (Board_SystemInit)
C:\Users\JMCruz\Documents\LPCXpresso_8.2.0_647\workspace-TP3\lpc_chip_175x_6x\Debug\liblpc_chip_175x_6x.a(chip_17xx_40xx.o)
                              ./freertos/src/port.o (SystemCoreClock)
C:\Users\JMCruz\Documents\LPCXpresso_8.2.0_647\workspace-TP3\lpc_chip_175x_6x\Debug\liblpc_chip_175x_6x.a(clock_17xx_40xx.o)
                              C:\Users\JMCruz\Documents\LPCXpresso_8.2.0_647\workspace-TP3\lpc_chip_175x_6x\Debug\liblpc_chip_175x_6x.a(chip_17xx_40xx.o) (Chip_Clock_EnablePLL)
C:\Users\JMCruz\Documents\LPCXpresso_8.2.0_647\workspace-TP3\lpc_chip_175x_6x\Debug\liblpc_chip_175x_6x.a(i2s_17xx_40xx.o)
                              C:\Users\JMCruz\Documents\LPCXpresso_8.2.0_647\workspace-TP3\lpc_board_nxp_lpcxpresso_1769\Debug\liblpc_board_nxp_lpcxpresso_1769.a(board.o) (Chip_I2S_Init)
C:\Users\JMCruz\Documents\LPCXpresso_8.2.0_647\workspace-TP3\lpc_chip_175x_6x\Debug\liblpc_chip_175x_6x.a(iocon_17xx_40xx.o)
                              C:\Users\JMCruz\Documents\LPCXpresso_8.2.0_647\workspace-TP3\lpc_board_nxp_lpcxpresso_1769\Debug\liblpc_board_nxp_lpcxpresso_1769.a(board.o) (Chip_IOCON_PinMux)
C:\Users\JMCruz\Documents\LPCXpresso_8.2.0_647\workspace-TP3\lpc_chip_175x_6x\Debug\liblpc_chip_175x_6x.a(sysinit_17xx_40xx.o)
                              C:\Users\JMCruz\Documents\LPCXpresso_8.2.0_647\workspace-TP3\lpc_board_nxp_lpcxpresso_1769\Debug\liblpc_board_nxp_lpcxpresso_1769.a(board_sysinit.o) (Chip_SetupXtalClocking)
C:\Users\JMCruz\Documents\LPCXpresso_8.2.0_647\workspace-TP3\lpc_chip_175x_6x\Debug\liblpc_chip_175x_6x.a(uart_17xx_40xx.o)
                              C:\Users\JMCruz\Documents\LPCXpresso_8.2.0_647\workspace-TP3\lpc_board_nxp_lpcxpresso_1769\Debug\liblpc_board_nxp_lpcxpresso_1769.a(board.o) (Chip_UART_Init)
C:\Users\JMCruz\Documents\LPCXpresso_8.2.0_647\workspace-TP3\lpc_chip_175x_6x\Debug\liblpc_chip_175x_6x.a(ring_buffer.o)
                              C:\Users\JMCruz\Documents\LPCXpresso_8.2.0_647\workspace-TP3\lpc_chip_175x_6x\Debug\liblpc_chip_175x_6x.a(uart_17xx_40xx.o) (RingBuffer_Insert)
c:/nxp/lpcxpresso_8.2.0_647/lpcxpresso/tools/bin/../lib/gcc/arm-none-eabi/5.3.1/../../../../arm-none-eabi/lib/armv7-m\libcr_nohost.a(_cr__main.o)
                              ./example/src/cr_startup_lpc175x_6x.o (__main)
c:/nxp/lpcxpresso_8.2.0_647/lpcxpresso/tools/bin/../lib/gcc/arm-none-eabi/5.3.1/../../../../arm-none-eabi/lib/armv7-m\libcr_c.a(memcpy.o)
                              ./freertos/src/queue.o (memcpy)
c:/nxp/lpcxpresso_8.2.0_647/lpcxpresso/tools/bin/../lib/gcc/arm-none-eabi/5.3.1/../../../../arm-none-eabi/lib/armv7-m\libcr_c.a(memset.o)
                              ./freertos/src/tasks.o (memset)
c:/nxp/lpcxpresso_8.2.0_647/lpcxpresso/tools/bin/../lib/gcc/arm-none-eabi/5.3.1/../../../../arm-none-eabi/lib/armv7-m\libcr_c.a(alloc.o)
                              ./freertos/src/heap_3.o (malloc)
c:/nxp/lpcxpresso_8.2.0_647/lpcxpresso/tools/bin/../lib/gcc/arm-none-eabi/5.3.1/../../../../arm-none-eabi/lib/armv7-m\libcr_c.a(fpprintf.o)
                              ./freertos/src/FreeRTOSCommonHooks.o (printf)
c:/nxp/lpcxpresso_8.2.0_647/lpcxpresso/tools/bin/../lib/gcc/arm-none-eabi/5.3.1/../../../../arm-none-eabi/lib/armv7-m\libcr_c.a(initio.o)
                              c:/nxp/lpcxpresso_8.2.0_647/lpcxpresso/tools/bin/../lib/gcc/arm-none-eabi/5.3.1/../../../../arm-none-eabi/lib/armv7-m\libcr_nohost.a(_cr__main.o) (_initio)
c:/nxp/lpcxpresso_8.2.0_647/lpcxpresso/tools/bin/../lib/gcc/arm-none-eabi/5.3.1/../../../../arm-none-eabi/lib/armv7-m\libcr_c.a(printf.o)
                              c:/nxp/lpcxpresso_8.2.0_647/lpcxpresso/tools/bin/../lib/gcc/arm-none-eabi/5.3.1/../../../../arm-none-eabi/lib/armv7-m\libcr_c.a(fpprintf.o) (__vfprintf)
c:/nxp/lpcxpresso_8.2.0_647/lpcxpresso/tools/bin/../lib/gcc/arm-none-eabi/5.3.1/../../../../arm-none-eabi/lib/armv7-m\libcr_c.a(setvbuf.o)
                              c:/nxp/lpcxpresso_8.2.0_647/lpcxpresso/tools/bin/../lib/gcc/arm-none-eabi/5.3.1/../../../../arm-none-eabi/lib/armv7-m\libcr_c.a(initio.o) (setvbuf)
c:/nxp/lpcxpresso_8.2.0_647/lpcxpresso/tools/bin/../lib/gcc/arm-none-eabi/5.3.1/../../../../arm-none-eabi/lib/armv7-m\libcr_c.a(stdio.o)
                              c:/nxp/lpcxpresso_8.2.0_647/lpcxpresso/tools/bin/../lib/gcc/arm-none-eabi/5.3.1/../../../../arm-none-eabi/lib/armv7-m\libcr_c.a(fpprintf.o) (__Ciob)
[...]
Memory Configuration

Name             Origin             Length             Attributes
MFlash512        0x00000000         0x00080000         xr
RamLoc32         0x10000000         0x00008000         xrw
RamAHB32         0x2007c000         0x00008000         xrw
*default*        0x00000000         0xffffffff

Linker script and memory map

LOAD ./freertos/src/FreeRTOSCommonHooks.o
LOAD ./freertos/src/heap_3.o
LOAD ./freertos/src/list.o
LOAD ./freertos/src/port.o
LOAD ./freertos/src/queue.o
LOAD ./freertos/src/tasks.o
LOAD ./example/src/cr_startup_lpc175x_6x.o
LOAD ./example/src/freertos_examples_1_to_9.o
LOAD ./example/src/sysinit.o
LOAD C:\Users\JMCruz\Documents\LPCXpresso_8.2.0_647\workspace-TP3\lpc_board_nxp_lpcxpresso_1769\Debug\liblpc_board_nxp_lpcxpresso_1769.a
LOAD C:\Users\JMCruz\Documents\LPCXpresso_8.2.0_647\workspace-TP3\lpc_chip_175x_6x\Debug\liblpc_chip_175x_6x.a
START GROUP
LOAD c:/nxp/lpcxpresso_8.2.0_647/lpcxpresso/tools/bin/../lib/gcc/arm-none-eabi/5.3.1/../../../../arm-none-eabi/lib/armv7-m\libcr_nohost.a
LOAD c:/nxp/lpcxpresso_8.2.0_647/lpcxpresso/tools/bin/../lib/gcc/arm-none-eabi/5.3.1/../../../../arm-none-eabi/lib/armv7-m\libcr_c.a
LOAD c:/nxp/lpcxpresso_8.2.0_647/lpcxpresso/tools/bin/../lib/gcc/arm-none-eabi/5.3.1/armv7-m\libcr_eabihelpers.a
END GROUP
                0x00000000                __base_MFlash512 = 0x0
                0x00000000                __base_Flash = 0x0
                0x00080000                __top_MFlash512 = 0x80000
                0x00080000                __top_Flash = 0x80000
                0x10000000                __base_RamLoc32 = 0x10000000
                0x10000000                __base_RAM = 0x10000000
                0x10008000                __top_RamLoc32 = 0x10008000
                0x10008000                __top_RAM = 0x10008000
                0x2007c000                __base_RamAHB32 = 0x2007c000
                0x2007c000                __base_RAM2 = 0x2007c000
                0x20084000                __top_RamAHB32 = 0x20084000
                0x20084000                __top_RAM2 = 0x20084000

.text           0x00000000     0x45a8
 FILL mask 0xff
                0x00000000                __vectors_start__ = ABSOLUTE (.)
 *(.isr_vector)
 .isr_vector    0x00000000       0xcc ./example/src/cr_startup_lpc175x_6x.o
                0x00000000                g_pfnVectors
                0x000000cc                . = ALIGN (0x4)
                0x000000cc                __section_table_start = .
                0x000000cc                __data_section_table = .
                0x000000cc        0x4 LONG 0x45a8 LOADADDR (.data)
                0x000000d0        0x4 LONG 0x10000000 ADDR (.data)
                0x000000d4        0x4 LONG 0xc SIZEOF (.data)
                0x000000d8        0x4 LONG 0x45a8 LOADADDR (.data_RAM2)
                0x000000dc        0x4 LONG 0x2007c000 ADDR (.data_RAM2)
                0x000000e0        0x4 LONG 0x0 SIZEOF (.data_RAM2)
                0x000000e4                __data_section_table_end = .
                0x000000e4                __bss_section_table = .
                0x000000e4        0x4 LONG 0x1000000c ADDR (.bss)
                0x000000e8        0x4 LONG 0x298 SIZEOF (.bss)
                0x000000ec        0x4 LONG 0x2007c000 ADDR (.bss_RAM2)
                0x000000f0        0x4 LONG 0x0 SIZEOF (.bss_RAM2)
                0x000000f4                __bss_section_table_end = .
                0x000000f4                __section_table_end = .
 *(.after_vectors*)
 .after_vectors
                0x000000f4      0x144 ./example/src/cr_startup_lpc175x_6x.o
                0x000000f4                data_init
                0x00000138                bss_init
                0x00000170                ResetISR
                0x000001e8                NMI_Handler
                0x000001f0                HardFault_Handler
                0x000001f8                MemManage_Handler
                0x00000200                BusFault_Handler
                0x00000208                UsageFault_Handler
                0x00000218                DebugMon_Handler
                0x00000230                UART1_IRQHandler
                0x00000230                EINT3_IRQHandler
                0x00000230                I2C1_IRQHandler
                0x00000230                TIMER3_IRQHandler
                0x00000230                UART0_IRQHandler
                0x00000230                USBActivity_IRQHandler
                0x00000230                CANActivity_IRQHandler
                0x00000230                EINT2_IRQHandler
                0x00000230                IntDefaultHandler
                0x00000230                PLL0_IRQHandler
                0x00000230                CAN_IRQHandler
                0x00000230                I2C0_IRQHandler
                0x00000230                SSP0_IRQHandler
                0x00000230                I2S_IRQHandler
                0x00000230                I2C2_IRQHandler
                0x00000230                RTC_IRQHandler
                0x00000230                TIMER0_IRQHandler
                0x00000230                SPI_IRQHandler
                0x00000230                RIT_IRQHandler
                0x00000230                EINT1_IRQHandler
                0x00000230                TIMER1_IRQHandler
                0x00000230                UART2_IRQHandler
                0x00000230                ADC_IRQHandler
                0x00000230                SSP1_IRQHandler
                0x00000230                USB_IRQHandler
                0x00000230                BOD_IRQHandler
                0x00000230                PWM1_IRQHandler
                0x00000230                WDT_IRQHandler
                0x00000230                QEI_IRQHandler
                0x00000230                EINT0_IRQHandler
                0x00000230                ETH_IRQHandler
                0x00000230                PLL1_IRQHandler
                0x00000230                DMA_IRQHandler
                0x00000230                TIMER2_IRQHandler
                0x00000230                UART3_IRQHandler
                0x00000230                MCPWM_IRQHandler
 *(.text*)
 .text.vApplicationIdleHook
                0x00000238       0x10 ./freertos/src/FreeRTOSCommonHooks.o
                0x00000238                vApplicationIdleHook
 .text.pvPortMalloc
                0x00000248       0x24 ./freertos/src/heap_3.o
                0x00000248                pvPortMalloc
 .text.vPortFree
                0x0000026c       0x24 ./freertos/src/heap_3.o
                0x0000026c                vPortFree
 .text.vListInitialise
                0x00000290       0x40 ./freertos/src/list.o
                0x00000290                vListInitialise
 .text.vListInitialiseItem
                0x000002d0       0x18 ./freertos/src/list.o
                0x000002d0                vListInitialiseItem
 .text.vListInsertEnd
                0x000002e8       0x48 ./freertos/src/list.o
                0x000002e8                vListInsertEnd
 .text.uxListRemove
                0x00000330       0x54 ./freertos/src/list.o
                0x00000330                uxListRemove
 .text.pxPortInitialiseStack
                0x00000384       0x54 ./freertos/src/port.o
                0x00000384                pxPortInitialiseStack
 .text.prvTaskExitError
                0x000003d8        0xc ./freertos/src/port.o
 .text.SVC_Handler
                0x000003e4       0x24 ./freertos/src/port.o
                0x000003e4                SVC_Handler
 .text.prvPortStartFirstTask
                0x00000408       0x18 ./freertos/src/port.o
 .text.xPortStartScheduler
                0x00000420       0x38 ./freertos/src/port.o
                0x00000420                xPortStartScheduler
 .text.vPortYield
                0x00000458       0x20 ./freertos/src/port.o
                0x00000458                vPortYield
 .text.vPortEnterCritical
                0x00000478       0x24 ./freertos/src/port.o
                0x00000478                vPortEnterCritical
 .text.vPortExitCritical
                0x0000049c       0x24 ./freertos/src/port.o
                0x0000049c                vPortExitCritical
 .text.ulPortSetInterruptMask
                0x000004c0       0x14 ./freertos/src/port.o
                0x000004c0                ulPortSetInterruptMask
 .text.vPortClearInterruptMask
                0x000004d4        0x8 ./freertos/src/port.o
                0x000004d4                vPortClearInterruptMask
 .text.PendSV_Handler
                0x000004dc       0x40 ./freertos/src/port.o
                0x000004dc                PendSV_Handler
 .text.SysTick_Handler
                0x0000051c       0x28 ./freertos/src/port.o
                0x0000051c                SysTick_Handler
 .text.vPortSuppressTicksAndSleep
                0x00000544      0x15c ./freertos/src/port.o
                0x00000544                vPortSuppressTicksAndSleep
 .text.vPortSetupTimerInterrupt
                0x000006a0       0x78 ./freertos/src/port.o
                0x000006a0                vPortSetupTimerInterrupt
 .text.xTaskGenericCreate
                0x00000718      0x140 ./freertos/src/tasks.o
                0x00000718                xTaskGenericCreate
 .text.vTaskStartScheduler
                0x00000858       0x58 ./freertos/src/tasks.o
                0x00000858                vTaskStartScheduler
 .text.vTaskSuspendAll
                0x000008b0       0x1c ./freertos/src/tasks.o
                0x000008b0                vTaskSuspendAll
 .text.prvGetExpectedIdleTime
                0x000008cc       0x4c ./freertos/src/tasks.o
 .text.xTaskResumeAll
                0x00000918       0xfc ./freertos/src/tasks.o
                0x00000918                xTaskResumeAll
 .text.vTaskStepTick
                0x00000a14       0x24 ./freertos/src/tasks.o
                0x00000a14                vTaskStepTick
 .text.xTaskIncrementTick
                0x00000a38      0x18c ./freertos/src/tasks.o
                0x00000a38                xTaskIncrementTick
 .text.vTaskSwitchContext
                0x00000bc4       0x98 ./freertos/src/tasks.o
                0x00000bc4                vTaskSwitchContext
 .text.prvIdleTask
                0x00000c5c       0x48 ./freertos/src/tasks.o
 .text.eTaskConfirmSleepModeStatus
                0x00000ca4       0x5c ./freertos/src/tasks.o
                0x00000ca4                eTaskConfirmSleepModeStatus
 .text.prvInitialiseTCBVariables
                0x00000d00       0x98 ./freertos/src/tasks.o
 .text.prvInitialiseTaskLists
                0x00000d98       0x80 ./freertos/src/tasks.o
 .text.prvCheckTasksWaitingTermination
                0x00000e18       0x78 ./freertos/src/tasks.o
 .text.prvAllocateTCBAndStack
                0x00000e90       0x64 ./freertos/src/tasks.o
 .text.prvDeleteTCB
                0x00000ef4       0x20 ./freertos/src/tasks.o
 .text.prvSetupHardware
                0x00000f14       0x18 ./example/src/freertos_examples_1_to_9.o
 .text.vTask1   0x00000f2c       0x38 ./example/src/freertos_examples_1_to_9.o
 .text.vTask2   0x00000f64       0x38 ./example/src/freertos_examples_1_to_9.o
 .text.main     0x00000f9c       0x68 ./example/src/freertos_examples_1_to_9.o
                0x00000f9c                main
 .text.SystemInit
                0x00001004       0x24 ./example/src/sysinit.o
                0x00001004                SystemInit
 .text.Chip_IOCON_Init
                0x00001028       0x18 C:\Users\JMCruz\Documents\LPCXpresso_8.2.0_647\workspace-TP3\lpc_board_nxp_lpcxpresso_1769\Debug\liblpc_board_nxp_lpcxpresso_1769.a(board.o)
 .text.Chip_GPIO_Init
                0x00001040       0x18 C:\Users\JMCruz\Documents\LPCXpresso_8.2.0_647\workspace-TP3\lpc_board_nxp_lpcxpresso_1769\Debug\liblpc_board_nxp_lpcxpresso_1769.a(board.o)
 .text.Chip_GPIO_SetPinState
                0x00001058       0x68 C:\Users\JMCruz\Documents\LPCXpresso_8.2.0_647\workspace-TP3\lpc_board_nxp_lpcxpresso_1769\Debug\liblpc_board_nxp_lpcxpresso_1769.a(board.o)
 .text.Chip_GPIO_WritePortBit
                0x000010c0       0x2c C:\Users\JMCruz\Documents\LPCXpresso_8.2.0_647\workspace-TP3\lpc_board_nxp_lpcxpresso_1769\Debug\liblpc_board_nxp_lpcxpresso_1769.a(board.o)
 .text.Chip_GPIO_SetPinDIROutput
                0x000010ec       0x38 C:\Users\JMCruz\Documents\LPCXpresso_8.2.0_647\workspace-TP3\lpc_board_nxp_lpcxpresso_1769\Debug\liblpc_board_nxp_lpcxpresso_1769.a(board.o)
 .text.Chip_GPIO_SetPinDIRInput
                0x00001124       0x3c C:\Users\JMCruz\Documents\LPCXpresso_8.2.0_647\workspace-TP3\lpc_board_nxp_lpcxpresso_1769\Debug\liblpc_board_nxp_lpcxpresso_1769.a(board.o)
 .text.Chip_GPIO_SetPinDIR
                0x00001160       0x44 C:\Users\JMCruz\Documents\LPCXpresso_8.2.0_647\workspace-TP3\lpc_board_nxp_lpcxpresso_1769\Debug\liblpc_board_nxp_lpcxpresso_1769.a(board.o)
 .text.Chip_GPIO_WriteDirBit
                0x000011a4       0x30 C:\Users\JMCruz\Documents\LPCXpresso_8.2.0_647\workspace-TP3\lpc_board_nxp_lpcxpresso_1769\Debug\liblpc_board_nxp_lpcxpresso_1769.a(board.o)
 .text.Chip_UART_SendByte
                0x000011d4       0x1c C:\Users\JMCruz\Documents\LPCXpresso_8.2.0_647\workspace-TP3\lpc_board_nxp_lpcxpresso_1769\Debug\liblpc_board_nxp_lpcxpresso_1769.a(board.o)
 .text.Chip_UART_ConfigData
                0x000011f0       0x1c C:\Users\JMCruz\Documents\LPCXpresso_8.2.0_647\workspace-TP3\lpc_board_nxp_lpcxpresso_1769\Debug\liblpc_board_nxp_lpcxpresso_1769.a(board.o)
 .text.Chip_UART_ReadLineStatus
                0x0000120c       0x18 C:\Users\JMCruz\Documents\LPCXpresso_8.2.0_647\workspace-TP3\lpc_board_nxp_lpcxpresso_1769\Debug\liblpc_board_nxp_lpcxpresso_1769.a(board.o)
 .text.__sys_write
                0x00001224       0x38 C:\Users\JMCruz\Documents\LPCXpresso_8.2.0_647\workspace-TP3\lpc_board_nxp_lpcxpresso_1769\Debug\liblpc_board_nxp_lpcxpresso_1769.a(board.o)
                0x00001224                __sys_write
 .text.Board_LED_Init
                0x0000125c       0x30 C:\Users\JMCruz\Documents\LPCXpresso_8.2.0_647\workspace-TP3\lpc_board_nxp_lpcxpresso_1769\Debug\liblpc_board_nxp_lpcxpresso_1769.a(board.o)
 .text.Board_UART_Init
                0x0000128c       0x14 C:\Users\JMCruz\Documents\LPCXpresso_8.2.0_647\workspace-TP3\lpc_board_nxp_lpcxpresso_1769\Debug\liblpc_board_nxp_lpcxpresso_1769.a(board.o)
                0x0000128c                Board_UART_Init
 .text.Board_Debug_Init
                0x000012a0       0x30 C:\Users\JMCruz\Documents\LPCXpresso_8.2.0_647\workspace-TP3\lpc_board_nxp_lpcxpresso_1769\Debug\liblpc_board_nxp_lpcxpresso_1769.a(board.o)
                0x000012a0                Board_Debug_Init
 .text.Board_UARTPutChar
                0x000012d0       0x34 C:\Users\JMCruz\Documents\LPCXpresso_8.2.0_647\workspace-TP3\lpc_board_nxp_lpcxpresso_1769\Debug\liblpc_board_nxp_lpcxpresso_1769.a(board.o)
                0x000012d0                Board_UARTPutChar
 .text.Board_LED_Set
                0x00001304       0x54 C:\Users\JMCruz\Documents\LPCXpresso_8.2.0_647\workspace-TP3\lpc_board_nxp_lpcxpresso_1769\Debug\liblpc_board_nxp_lpcxpresso_1769.a(board.o)
                0x00001304                Board_LED_Set
 .text.Board_Init
                0x00001358       0x2c C:\Users\JMCruz\Documents\LPCXpresso_8.2.0_647\workspace-TP3\lpc_board_nxp_lpcxpresso_1769\Debug\liblpc_board_nxp_lpcxpresso_1769.a(board.o)
                0x00001358                Board_Init
 .text.Board_Buttons_Init
                0x00001384       0x24 C:\Users\JMCruz\Documents\LPCXpresso_8.2.0_647\workspace-TP3\lpc_board_nxp_lpcxpresso_1769\Debug\liblpc_board_nxp_lpcxpresso_1769.a(board.o)
                0x00001384                Board_Buttons_Init
 .text.Board_Joystick_Init
                0x000013a8       0x44 C:\Users\JMCruz\Documents\LPCXpresso_8.2.0_647\workspace-TP3\lpc_board_nxp_lpcxpresso_1769\Debug\liblpc_board_nxp_lpcxpresso_1769.a(board.o)
                0x000013a8                Board_Joystick_Init
 .text.Chip_SYSCTL_SetFLASHAccess
                0x000013ec       0x30 C:\Users\JMCruz\Documents\LPCXpresso_8.2.0_647\workspace-TP3\lpc_board_nxp_lpcxpresso_1769\Debug\liblpc_board_nxp_lpcxpresso_1769.a(board_sysinit.o)
 .text.Board_SetupMuxing
                0x0000141c       0x1c C:\Users\JMCruz\Documents\LPCXpresso_8.2.0_647\workspace-TP3\lpc_board_nxp_lpcxpresso_1769\Debug\liblpc_board_nxp_lpcxpresso_1769.a(board_sysinit.o)
                0x0000141c                Board_SetupMuxing
 .text.Board_SetupClocking
                0x00001438       0x14 C:\Users\JMCruz\Documents\LPCXpresso_8.2.0_647\workspace-TP3\lpc_board_nxp_lpcxpresso_1769\Debug\liblpc_board_nxp_lpcxpresso_1769.a(board_sysinit.o)
                0x00001438                Board_SetupClocking
 .text.Board_SystemInit
                0x0000144c       0x10 C:\Users\JMCruz\Documents\LPCXpresso_8.2.0_647\workspace-TP3\lpc_board_nxp_lpcxpresso_1769\Debug\liblpc_board_nxp_lpcxpresso_1769.a(board_sysinit.o)
                0x0000144c                Board_SystemInit
 .text.SystemCoreClockUpdate
                0x0000145c       0x18 C:\Users\JMCruz\Documents\LPCXpresso_8.2.0_647\workspace-TP3\lpc_chip_175x_6x\Debug\liblpc_chip_175x_6x.a(chip_17xx_40xx.o)
                0x0000145c                SystemCoreClockUpdate
 .text.Chip_Clock_IsMainPLLEnabled
                0x00001474       0x24 C:\Users\JMCruz\Documents\LPCXpresso_8.2.0_647\workspace-TP3\lpc_chip_175x_6x\Debug\liblpc_chip_175x_6x.a(clock_17xx_40xx.o)
 .text.Chip_Clock_IsMainPLLConnected
                0x00001498       0x24 C:\Users\JMCruz\Documents\LPCXpresso_8.2.0_647\workspace-TP3\lpc_chip_175x_6x\Debug\liblpc_chip_175x_6x.a(clock_17xx_40xx.o)
 .text.Chip_Clock_FeedPLL
                0x000014bc       0x34 C:\Users\JMCruz\Documents\LPCXpresso_8.2.0_647\workspace-TP3\lpc_chip_175x_6x\Debug\liblpc_chip_175x_6x.a(clock_17xx_40xx.o)
 .text.Chip_Clock_GetMainPLLSource
                0x000014f0       0x20 C:\Users\JMCruz\Documents\LPCXpresso_8.2.0_647\workspace-TP3\lpc_chip_175x_6x\Debug\liblpc_chip_175x_6x.a(clock_17xx_40xx.o)
 .text.Chip_Clock_GetMainOscRate
                0x00001510       0x14 C:\Users\JMCruz\Documents\LPCXpresso_8.2.0_647\workspace-TP3\lpc_chip_175x_6x\Debug\liblpc_chip_175x_6x.a(clock_17xx_40xx.o)
 .text.Chip_Clock_GetIntOscRate
                0x00001524       0x14 C:\Users\JMCruz\Documents\LPCXpresso_8.2.0_647\workspace-TP3\lpc_chip_175x_6x\Debug\liblpc_chip_175x_6x.a(clock_17xx_40xx.o)
 .text.Chip_Clock_GetRTCOscRate
                0x00001538       0x14 C:\Users\JMCruz\Documents\LPCXpresso_8.2.0_647\workspace-TP3\lpc_chip_175x_6x\Debug\liblpc_chip_175x_6x.a(clock_17xx_40xx.o)
 .text.Chip_Clock_GetMainPLLInClockRate
                0x0000154c       0x10 C:\Users\JMCruz\Documents\LPCXpresso_8.2.0_647\workspace-TP3\lpc_chip_175x_6x\Debug\liblpc_chip_175x_6x.a(clock_17xx_40xx.o)
 .text.Chip_Clock_EnablePLL
                0x0000155c       0x44 C:\Users\JMCruz\Documents\LPCXpresso_8.2.0_647\workspace-TP3\lpc_chip_175x_6x\Debug\liblpc_chip_175x_6x.a(clock_17xx_40xx.o)
                0x0000155c                Chip_Clock_EnablePLL
 .text.Chip_Clock_DisablePLL
                0x000015a0       0x48 C:\Users\JMCruz\Documents\LPCXpresso_8.2.0_647\workspace-TP3\lpc_chip_175x_6x\Debug\liblpc_chip_175x_6x.a(clock_17xx_40xx.o)
                0x000015a0                Chip_Clock_DisablePLL
 .text.Chip_Clock_SetupPLL
                0x000015e8       0x5c C:\Users\JMCruz\Documents\LPCXpresso_8.2.0_647\workspace-TP3\lpc_chip_175x_6x\Debug\liblpc_chip_175x_6x.a(clock_17xx_40xx.o)
                0x000015e8                Chip_Clock_SetupPLL
 .text.Chip_Clock_EnablePeriphClock
                0x00001644       0x34 C:\Users\JMCruz\Documents\LPCXpresso_8.2.0_647\workspace-TP3\lpc_chip_175x_6x\Debug\liblpc_chip_175x_6x.a(clock_17xx_40xx.o)
                0x00001644                Chip_Clock_EnablePeriphClock
 .text.Chip_Clock_GetCPUClockSource
                0x00001678       0x24 C:\Users\JMCruz\Documents\LPCXpresso_8.2.0_647\workspace-TP3\lpc_chip_175x_6x\Debug\liblpc_chip_175x_6x.a(clock_17xx_40xx.o)
                0x00001678                Chip_Clock_GetCPUClockSource
 .text.Chip_Clock_SetCPUClockDiv
                0x0000169c       0x20 C:\Users\JMCruz\Documents\LPCXpresso_8.2.0_647\workspace-TP3\lpc_chip_175x_6x\Debug\liblpc_chip_175x_6x.a(clock_17xx_40xx.o)
                0x0000169c                Chip_Clock_SetCPUClockDiv
 .text.Chip_Clock_GetCPUClockDiv
                0x000016bc       0x1c C:\Users\JMCruz\Documents\LPCXpresso_8.2.0_647\workspace-TP3\lpc_chip_175x_6x\Debug\liblpc_chip_175x_6x.a(clock_17xx_40xx.o)
                0x000016bc                Chip_Clock_GetCPUClockDiv
 .text.Chip_Clock_GetPCLKDiv
                0x000016d8       0x8c C:\Users\JMCruz\Documents\LPCXpresso_8.2.0_647\workspace-TP3\lpc_chip_175x_6x\Debug\liblpc_chip_175x_6x.a(clock_17xx_40xx.o)
                0x000016d8                Chip_Clock_GetPCLKDiv
 .text.Chip_Clock_GetSYSCLKRate
                0x00001764       0x34 C:\Users\JMCruz\Documents\LPCXpresso_8.2.0_647\workspace-TP3\lpc_chip_175x_6x\Debug\liblpc_chip_175x_6x.a(clock_17xx_40xx.o)
                0x00001764                Chip_Clock_GetSYSCLKRate
 .text.Chip_Clock_GetMainPLLOutClockRate
                0x00001798       0x54 C:\Users\JMCruz\Documents\LPCXpresso_8.2.0_647\workspace-TP3\lpc_chip_175x_6x\Debug\liblpc_chip_175x_6x.a(clock_17xx_40xx.o)
                0x00001798                Chip_Clock_GetMainPLLOutClockRate
 .text.Chip_Clock_GetMainClockRate
                0x000017ec       0x28 C:\Users\JMCruz\Documents\LPCXpresso_8.2.0_647\workspace-TP3\lpc_chip_175x_6x\Debug\liblpc_chip_175x_6x.a(clock_17xx_40xx.o)
                0x000017ec                Chip_Clock_GetMainClockRate
 .text.Chip_Clock_GetSystemClockRate
                0x00001814       0x18 C:\Users\JMCruz\Documents\LPCXpresso_8.2.0_647\workspace-TP3\lpc_chip_175x_6x\Debug\liblpc_chip_175x_6x.a(clock_17xx_40xx.o)
                0x00001814                Chip_Clock_GetSystemClockRate
 .text.Chip_Clock_GetPeripheralClockRate
                0x0000182c       0x28 C:\Users\JMCruz\Documents\LPCXpresso_8.2.0_647\workspace-TP3\lpc_chip_175x_6x\Debug\liblpc_chip_175x_6x.a(clock_17xx_40xx.o)
                0x0000182c                Chip_Clock_GetPeripheralClockRate
 .text.Chip_IOCON_PinMuxSet
                0x00001854       0x38 C:\Users\JMCruz\Documents\LPCXpresso_8.2.0_647\workspace-TP3\lpc_chip_175x_6x\Debug\liblpc_chip_175x_6x.a(iocon_17xx_40xx.o)
                0x00001854                Chip_IOCON_PinMuxSet
 .text.Chip_IOCON_PinMux
                0x0000188c       0x94 C:\Users\JMCruz\Documents\LPCXpresso_8.2.0_647\workspace-TP3\lpc_chip_175x_6x\Debug\liblpc_chip_175x_6x.a(iocon_17xx_40xx.o)
                0x0000188c                Chip_IOCON_PinMux
 .text.Chip_IOCON_SetPinMuxing
                0x00001920       0x64 C:\Users\JMCruz\Documents\LPCXpresso_8.2.0_647\workspace-TP3\lpc_chip_175x_6x\Debug\liblpc_chip_175x_6x.a(iocon_17xx_40xx.o)
                0x00001920                Chip_IOCON_SetPinMuxing
 .text.Chip_Clock_IsMainPLLEnabled
                0x00001984       0x24 C:\Users\JMCruz\Documents\LPCXpresso_8.2.0_647\workspace-TP3\lpc_chip_175x_6x\Debug\liblpc_chip_175x_6x.a(sysinit_17xx_40xx.o)
 .text.Chip_Clock_IsMainPLLLocked
                0x000019a8       0x24 C:\Users\JMCruz\Documents\LPCXpresso_8.2.0_647\workspace-TP3\lpc_chip_175x_6x\Debug\liblpc_chip_175x_6x.a(sysinit_17xx_40xx.o)
 .text.Chip_Clock_IsMainPLLConnected
                0x000019cc       0x24 C:\Users\JMCruz\Documents\LPCXpresso_8.2.0_647\workspace-TP3\lpc_chip_175x_6x\Debug\liblpc_chip_175x_6x.a(sysinit_17xx_40xx.o)
 .text.Chip_Clock_EnableCrystal
                0x000019f0       0x20 C:\Users\JMCruz\Documents\LPCXpresso_8.2.0_647\workspace-TP3\lpc_chip_175x_6x\Debug\liblpc_chip_175x_6x.a(sysinit_17xx_40xx.o)
 .text.Chip_Clock_IsCrystalEnabled
                0x00001a10       0x24 C:\Users\JMCruz\Documents\LPCXpresso_8.2.0_647\workspace-TP3\lpc_chip_175x_6x\Debug\liblpc_chip_175x_6x.a(sysinit_17xx_40xx.o)
 .text.Chip_Clock_SetMainPLLSource
                0x00001a34       0x20 C:\Users\JMCruz\Documents\LPCXpresso_8.2.0_647\workspace-TP3\lpc_chip_175x_6x\Debug\liblpc_chip_175x_6x.a(sysinit_17xx_40xx.o)
 .text.Chip_SetupXtalClocking
                0x00001a54       0x90 C:\Users\JMCruz\Documents\LPCXpresso_8.2.0_647\workspace-TP3\lpc_chip_175x_6x\Debug\liblpc_chip_175x_6x.a(sysinit_17xx_40xx.o)
                0x00001a54                Chip_SetupXtalClocking
 .text.Chip_UART_SetupFIFOS
                0x00001ae4       0x1c C:\Users\JMCruz\Documents\LPCXpresso_8.2.0_647\workspace-TP3\lpc_chip_175x_6x\Debug\liblpc_chip_175x_6x.a(uart_17xx_40xx.o)
 .text.Chip_UART_ConfigData
                0x00001b00       0x1c C:\Users\JMCruz\Documents\LPCXpresso_8.2.0_647\workspace-TP3\lpc_chip_175x_6x\Debug\liblpc_chip_175x_6x.a(uart_17xx_40xx.o)
 .text.Chip_UART_EnableDivisorAccess
                0x00001b1c       0x20 C:\Users\JMCruz\Documents\LPCXpresso_8.2.0_647\workspace-TP3\lpc_chip_175x_6x\Debug\liblpc_chip_175x_6x.a(uart_17xx_40xx.o)
 .text.Chip_UART_DisableDivisorAccess
                0x00001b3c       0x20 C:\Users\JMCruz\Documents\LPCXpresso_8.2.0_647\workspace-TP3\lpc_chip_175x_6x\Debug\liblpc_chip_175x_6x.a(uart_17xx_40xx.o)
 .text.Chip_UART_SetDivisorLatches
                0x00001b5c       0x28 C:\Users\JMCruz\Documents\LPCXpresso_8.2.0_647\workspace-TP3\lpc_chip_175x_6x\Debug\liblpc_chip_175x_6x.a(uart_17xx_40xx.o)
 .text.Chip_UART_GetClockIndex
                0x00001b84       0x50 C:\Users\JMCruz\Documents\LPCXpresso_8.2.0_647\workspace-TP3\lpc_chip_175x_6x\Debug\liblpc_chip_175x_6x.a(uart_17xx_40xx.o)
 .text.Chip_UART_GetClkIndex
                0x00001bd4       0x50 C:\Users\JMCruz\Documents\LPCXpresso_8.2.0_647\workspace-TP3\lpc_chip_175x_6x\Debug\liblpc_chip_175x_6x.a(uart_17xx_40xx.o)
 .text.Chip_UART_Init
                0x00001c24       0x78 C:\Users\JMCruz\Documents\LPCXpresso_8.2.0_647\workspace-TP3\lpc_chip_175x_6x\Debug\liblpc_chip_175x_6x.a(uart_17xx_40xx.o)
                0x00001c24                Chip_UART_Init
 .text.Chip_UART_TXEnable
                0x00001c9c       0x18 C:\Users\JMCruz\Documents\LPCXpresso_8.2.0_647\workspace-TP3\lpc_chip_175x_6x\Debug\liblpc_chip_175x_6x.a(uart_17xx_40xx.o)
                0x00001c9c                Chip_UART_TXEnable
 .text.Chip_UART_TXDisable
                0x00001cb4       0x18 C:\Users\JMCruz\Documents\LPCXpresso_8.2.0_647\workspace-TP3\lpc_chip_175x_6x\Debug\liblpc_chip_175x_6x.a(uart_17xx_40xx.o)
                0x00001cb4                Chip_UART_TXDisable
 .text.Chip_UART_SetBaud
                0x00001ccc       0x64 C:\Users\JMCruz\Documents\LPCXpresso_8.2.0_647\workspace-TP3\lpc_chip_175x_6x\Debug\liblpc_chip_175x_6x.a(uart_17xx_40xx.o)
                0x00001ccc                Chip_UART_SetBaud
 .text.__main   0x00001d30       0x14 c:/nxp/lpcxpresso_8.2.0_647/lpcxpresso/tools/bin/../lib/gcc/arm-none-eabi/5.3.1/../../../../arm-none-eabi/lib/armv7-m\libcr_nohost.a(_cr__main.o)
                0x00001d30                __main
 .text.memset   0x00001d44        0x4 c:/nxp/lpcxpresso_8.2.0_647/lpcxpresso/tools/bin/../lib/gcc/arm-none-eabi/5.3.1/../../../../arm-none-eabi/lib/armv7-m\libcr_c.a(memset.o)
                0x00001d44                memset
 .text.malloc   0x00001d48       0xc8 c:/nxp/lpcxpresso_8.2.0_647/lpcxpresso/tools/bin/../lib/gcc/arm-none-eabi/5.3.1/../../../../arm-none-eabi/lib/armv7-m\libcr_c.a(alloc.o)
                0x00001d48                malloc
 .text.free     0x00001e10       0x30 c:/nxp/lpcxpresso_8.2.0_647/lpcxpresso/tools/bin/../lib/gcc/arm-none-eabi/5.3.1/../../../../arm-none-eabi/lib/armv7-m\libcr_c.a(alloc.o)
                0x00001e10                free
 .text._Csys_alloc
                0x00001e40       0x20 c:/nxp/lpcxpresso_8.2.0_647/lpcxpresso/tools/bin/../lib/gcc/arm-none-eabi/5.3.1/../../../../arm-none-eabi/lib/armv7-m\libcr_c.a(alloc.o)
                0x00001e40                _Csys_alloc
 .text.fp_round
                0x00001e60       0x4c c:/nxp/lpcxpresso_8.2.0_647/lpcxpresso/tools/bin/../lib/gcc/arm-none-eabi/5.3.1/../../../../arm-none-eabi/lib/armv7-m\libcr_c.a(fpprintf.o)
 .text.pr_dec.constprop.1
                0x00001eac       0x26 c:/nxp/lpcxpresso_8.2.0_647/lpcxpresso/tools/bin/../lib/gcc/arm-none-eabi/5.3.1/../../../../arm-none-eabi/lib/armv7-m\libcr_c.a(fpprintf.o)
 *fill*         0x00001ed2        0x2 ff
 .text.sprintf  0x00001ed4       0x6c c:/nxp/lpcxpresso_8.2.0_647/lpcxpresso/tools/bin/../lib/gcc/arm-none-eabi/5.3.1/../../../../arm-none-eabi/lib/armv7-m\libcr_c.a(fpprintf.o)
                0x00001ed4                sprintf
 .text.fp_display
                0x00001f40      0x8ec c:/nxp/lpcxpresso_8.2.0_647/lpcxpresso/tools/bin/../lib/gcc/arm-none-eabi/5.3.1/../../../../arm-none-eabi/lib/armv7-m\libcr_c.a(fpprintf.o)
 .text.vsnprintf
                0x0000282c       0x5c c:/nxp/lpcxpresso_8.2.0_647/lpcxpresso/tools/bin/../lib/gcc/arm-none-eabi/5.3.1/../../../../arm-none-eabi/lib/armv7-m\libcr_c.a(fpprintf.o)
                0x0000282c                vsnprintf
 .text.printf   0x00002888       0x54 c:/nxp/lpcxpresso_8.2.0_647/lpcxpresso/tools/bin/../lib/gcc/arm-none-eabi/5.3.1/../../../../arm-none-eabi/lib/armv7-m\libcr_c.a(fpprintf.o)
                0x00002888                printf
 .text._initio  0x000028dc       0xa4 c:/nxp/lpcxpresso_8.2.0_647/lpcxpresso/tools/bin/../lib/gcc/arm-none-eabi/5.3.1/../../../../arm-none-eabi/lib/armv7-m\libcr_c.a(initio.o)
                0x000028dc                _initio
 .text.__vfprintf
                0x00002980      0xd28 c:/nxp/lpcxpresso_8.2.0_647/lpcxpresso/tools/bin/../lib/gcc/arm-none-eabi/5.3.1/../../../../arm-none-eabi/lib/armv7-m\libcr_c.a(printf.o)
                0x00002980                __vfprintf
 .text.setvbuf  0x000036a8       0x40 c:/nxp/lpcxpresso_8.2.0_647/lpcxpresso/tools/bin/../lib/gcc/arm-none-eabi/5.3.1/../../../../arm-none-eabi/lib/armv7-m\libcr_c.a(setvbuf.o)
                0x000036a8                setvbuf
 .text.strlen   0x000036e8       0x4a c:/nxp/lpcxpresso_8.2.0_647/lpcxpresso/tools/bin/../lib/gcc/arm-none-eabi/5.3.1/../../../../arm-none-eabi/lib/armv7-m\libcr_c.a(strlen.o)
                0x000036e8                strlen
 *fill*         0x00003732        0x2 ff
 .text._sbrk    0x00003734       0x40 c:/nxp/lpcxpresso_8.2.0_647/lpcxpresso/tools/bin/../lib/gcc/arm-none-eabi/5.3.1/../../../../arm-none-eabi/lib/armv7-m\libcr_c.a(_cr_sbrk.o)
                0x00003734                _sbrk
 .text._deferredlazyseek
                0x00003774       0x44 c:/nxp/lpcxpresso_8.2.0_647/lpcxpresso/tools/bin/../lib/gcc/arm-none-eabi/5.3.1/../../../../arm-none-eabi/lib/armv7-m\libcr_c.a(_deferredlazyseek.o)
                0x00003774                _deferredlazyseek
 .text.__flsbuf
                0x000037b8      0x140 c:/nxp/lpcxpresso_8.2.0_647/lpcxpresso/tools/bin/../lib/gcc/arm-none-eabi/5.3.1/../../../../arm-none-eabi/lib/armv7-m\libcr_c.a(_deferredlazyseek.o)
                0x000037b8                __flsbuf
 .text._fdopen  0x000038f8       0x6a c:/nxp/lpcxpresso_8.2.0_647/lpcxpresso/tools/bin/../lib/gcc/arm-none-eabi/5.3.1/../../../../arm-none-eabi/lib/armv7-m\libcr_c.a(_fdopen.o)
                0x000038f8                _fdopen
 .text._fflush  0x00003962       0x58 c:/nxp/lpcxpresso_8.2.0_647/lpcxpresso/tools/bin/../lib/gcc/arm-none-eabi/5.3.1/../../../../arm-none-eabi/lib/armv7-m\libcr_c.a(_fflush.o)
                0x00003962                _fflush
 .text._frexpl  0x000039ba       0x5a c:/nxp/lpcxpresso_8.2.0_647/lpcxpresso/tools/bin/../lib/gcc/arm-none-eabi/5.3.1/../../../../arm-none-eabi/lib/armv7-m\libcr_c.a(_frexpl.o)
                0x000039ba                _frexpl
 .text._ldexpl  0x00003a14       0x4c c:/nxp/lpcxpresso_8.2.0_647/lpcxpresso/tools/bin/../lib/gcc/arm-none-eabi/5.3.1/../../../../arm-none-eabi/lib/armv7-m\libcr_c.a(_ldexpl.o)
                0x00003a14                _ldexpl
 .text._Cwritebuf
                0x00003a60       0x68 c:/nxp/lpcxpresso_8.2.0_647/lpcxpresso/tools/bin/../lib/gcc/arm-none-eabi/5.3.1/../../../../arm-none-eabi/lib/armv7-m\libcr_c.a(_writebuf.o)
                0x00003a60                _Cwritebuf
 .text.fclose   0x00003ac8       0x6c c:/nxp/lpcxpresso_8.2.0_647/lpcxpresso/tools/bin/../lib/gcc/arm-none-eabi/5.3.1/../../../../arm-none-eabi/lib/armv7-m\libcr_c.a(fclose.o)
                0x00003ac8                fclose
 .text.fflush   0x00003b34       0x30 c:/nxp/lpcxpresso_8.2.0_647/lpcxpresso/tools/bin/../lib/gcc/arm-none-eabi/5.3.1/../../../../arm-none-eabi/lib/armv7-m\libcr_c.a(fflush.o)
                0x00003b34                fflush
 .text.fseek    0x00003b64      0x110 c:/nxp/lpcxpresso_8.2.0_647/lpcxpresso/tools/bin/../lib/gcc/arm-none-eabi/5.3.1/../../../../arm-none-eabi/lib/armv7-m\libcr_c.a(fseek.o)
                0x00003b64                fseek
 .text.ftell    0x00003c74       0x4c c:/nxp/lpcxpresso_8.2.0_647/lpcxpresso/tools/bin/../lib/gcc/arm-none-eabi/5.3.1/../../../../arm-none-eabi/lib/armv7-m\libcr_c.a(ftell.o)
                0x00003c74                ftell
 .text.remove   0x00003cc0       0x14 c:/nxp/lpcxpresso_8.2.0_647/lpcxpresso/tools/bin/../lib/gcc/arm-none-eabi/5.3.1/../../../../arm-none-eabi/lib/armv7-m\libcr_c.a(remove.o)
                0x00003cc0                remove
 .text.__check_heap_overflow
                0x00003cd4       0x18 c:/nxp/lpcxpresso_8.2.0_647/lpcxpresso/tools/bin/../lib/gcc/arm-none-eabi/5.3.1/../../../../arm-none-eabi/lib/armv7-m\libcr_c.a(_cr_check_heap.o)
                0x00003cd4                __check_heap_overflow
 .text._do_fflush
                0x00003cec       0x44 c:/nxp/lpcxpresso_8.2.0_647/lpcxpresso/tools/bin/../lib/gcc/arm-none-eabi/5.3.1/../../../../arm-none-eabi/lib/armv7-m\libcr_c.a(_do_fflush.o)
                0x00003cec                _do_fflush
 .text.__aeabi_dmul
                0x00003d30      0x110 c:/nxp/lpcxpresso_8.2.0_647/lpcxpresso/tools/bin/../lib/gcc/arm-none-eabi/5.3.1/armv7-m\libcr_eabihelpers.a(double.o)
                0x00003d30                __aeabi_dmul
 .text.__aeabi_ddiv
                0x00003e40      0x138 c:/nxp/lpcxpresso_8.2.0_647/lpcxpresso/tools/bin/../lib/gcc/arm-none-eabi/5.3.1/armv7-m\libcr_eabihelpers.a(double.o)
                0x00003e40                __aeabi_ddiv
 .text.__aeabi_dsub
                0x00003f78      0x1a0 c:/nxp/lpcxpresso_8.2.0_647/lpcxpresso/tools/bin/../lib/gcc/arm-none-eabi/5.3.1/armv7-m\libcr_eabihelpers.a(double.o)
                0x00003f78                __aeabi_dsub
 .text.__aeabi_dadd
                0x00004118      0x10c c:/nxp/lpcxpresso_8.2.0_647/lpcxpresso/tools/bin/../lib/gcc/arm-none-eabi/5.3.1/armv7-m\libcr_eabihelpers.a(double.o)
                0x00004118                __aeabi_dadd
 .text.__aeabi_d2iz
                0x00004224       0x40 c:/nxp/lpcxpresso_8.2.0_647/lpcxpresso/tools/bin/../lib/gcc/arm-none-eabi/5.3.1/armv7-m\libcr_eabihelpers.a(double.o)
                0x00004224                __aeabi_d2iz
 .text.__bhs_ui2d
                0x00004264       0x46 c:/nxp/lpcxpresso_8.2.0_647/lpcxpresso/tools/bin/../lib/gcc/arm-none-eabi/5.3.1/armv7-m\libcr_eabihelpers.a(double.o)
                0x00004264                __bhs_ui2d
 .text.__aeabi_i2d
                0x000042aa       0x10 c:/nxp/lpcxpresso_8.2.0_647/lpcxpresso/tools/bin/../lib/gcc/arm-none-eabi/5.3.1/armv7-m\libcr_eabihelpers.a(double.o)
                0x000042aa                __aeabi_i2d
 .text.__aeabi_dcmpeq
                0x000042ba       0x2c c:/nxp/lpcxpresso_8.2.0_647/lpcxpresso/tools/bin/../lib/gcc/arm-none-eabi/5.3.1/armv7-m\libcr_eabihelpers.a(double.o)
                0x000042ba                __aeabi_dcmpeq
 .text.__aeabi_dcmplt
                0x000042e6       0x54 c:/nxp/lpcxpresso_8.2.0_647/lpcxpresso/tools/bin/../lib/gcc/arm-none-eabi/5.3.1/armv7-m\libcr_eabihelpers.a(double.o)
                0x000042e6                __aeabi_dcmplt
 .text.__aeabi_dcmple
                0x0000433a       0x54 c:/nxp/lpcxpresso_8.2.0_647/lpcxpresso/tools/bin/../lib/gcc/arm-none-eabi/5.3.1/armv7-m\libcr_eabihelpers.a(double.o)
                0x0000433a                __aeabi_dcmple
 .text.__aeabi_dcmpge
                0x0000438e       0x54 c:/nxp/lpcxpresso_8.2.0_647/lpcxpresso/tools/bin/../lib/gcc/arm-none-eabi/5.3.1/armv7-m\libcr_eabihelpers.a(double.o)
                0x0000438e                __aeabi_dcmpge
 .text.__aeabi_memset_lowlevel
                0x000043e2       0x32 c:/nxp/lpcxpresso_8.2.0_647/lpcxpresso/tools/bin/../lib/gcc/arm-none-eabi/5.3.1/armv7-m\libcr_eabihelpers.a(memcpy.o)
                0x000043e2                __aeabi_lowlevel_memset
 .text.__sys_appexit
                0x00004414        0x2 c:/nxp/lpcxpresso_8.2.0_647/lpcxpresso/tools/bin/../lib/gcc/arm-none-eabi/5.3.1/../../../../arm-none-eabi/lib/armv7-m\libcr_nohost.a(__sys_appexit.o)
                0x00004414                __sys_appexit
                0x00004414                __exit
 .text.__sys_close
                0x00004416        0x6 c:/nxp/lpcxpresso_8.2.0_647/lpcxpresso/tools/bin/../lib/gcc/arm-none-eabi/5.3.1/../../../../arm-none-eabi/lib/armv7-m\libcr_nohost.a(__sys_close.o)
                0x00004416                __sys_close
 .text.__sys_flen
                0x0000441c        0x6 c:/nxp/lpcxpresso_8.2.0_647/lpcxpresso/tools/bin/../lib/gcc/arm-none-eabi/5.3.1/../../../../arm-none-eabi/lib/armv7-m\libcr_nohost.a(__sys_flen.o)
                0x0000441c                __sys_flen
 .text.__sys_istty
                0x00004422        0x6 c:/nxp/lpcxpresso_8.2.0_647/lpcxpresso/tools/bin/../lib/gcc/arm-none-eabi/5.3.1/../../../../arm-none-eabi/lib/armv7-m\libcr_nohost.a(__sys_istty.o)
                0x00004422                __sys_istty
 .text.__sys_remove
                0x00004428        0x6 c:/nxp/lpcxpresso_8.2.0_647/lpcxpresso/tools/bin/../lib/gcc/arm-none-eabi/5.3.1/../../../../arm-none-eabi/lib/armv7-m\libcr_nohost.a(__sys_remove.o)
                0x00004428                __sys_remove
 .text.__sys_seek
                0x0000442e        0x6 c:/nxp/lpcxpresso_8.2.0_647/lpcxpresso/tools/bin/../lib/gcc/arm-none-eabi/5.3.1/../../../../arm-none-eabi/lib/armv7-m\libcr_nohost.a(__sys_seek.o)
                0x0000442e                __sys_seek
 .text.__sys_tmpnam
                0x00004434        0x6 c:/nxp/lpcxpresso_8.2.0_647/lpcxpresso/tools/bin/../lib/gcc/arm-none-eabi/5.3.1/../../../../arm-none-eabi/lib/armv7-m\libcr_nohost.a(__sys_tmpnam.o)
                0x00004434                __sys_tmpnam
 *(.rodata .rodata.* .constdata .constdata.*)
 *fill*         0x0000443a        0x2 ff
 .rodata        0x0000443c        0x5 ./freertos/src/tasks.o
 *fill*         0x00004441        0x3 ff
 .rodata        0x00004444       0x56 ./example/src/freertos_examples_1_to_9.o
 *fill*         0x0000449a        0x2 ff
 .rodata.OscRateIn
                0x0000449c        0x4 C:\Users\JMCruz\Documents\LPCXpresso_8.2.0_647\workspace-TP3\lpc_board_nxp_lpcxpresso_1769\Debug\liblpc_board_nxp_lpcxpresso_1769.a(board.o)
                0x0000449c                OscRateIn
 .rodata.RTCOscRateIn
                0x000044a0        0x4 C:\Users\JMCruz\Documents\LPCXpresso_8.2.0_647\workspace-TP3\lpc_board_nxp_lpcxpresso_1769\Debug\liblpc_board_nxp_lpcxpresso_1769.a(board.o)
                0x000044a0                RTCOscRateIn
 .rodata.portButton
                0x000044a4        0x5 C:\Users\JMCruz\Documents\LPCXpresso_8.2.0_647\workspace-TP3\lpc_board_nxp_lpcxpresso_1769\Debug\liblpc_board_nxp_lpcxpresso_1769.a(board.o)
 *fill*         0x000044a9        0x3 ff
 .rodata.pinButton
                0x000044ac        0x5 C:\Users\JMCruz\Documents\LPCXpresso_8.2.0_647\workspace-TP3\lpc_board_nxp_lpcxpresso_1769\Debug\liblpc_board_nxp_lpcxpresso_1769.a(board.o)
 *fill*         0x000044b1        0x3 ff
 .rodata.pinmuxing
                0x000044b4       0x64 C:\Users\JMCruz\Documents\LPCXpresso_8.2.0_647\workspace-TP3\lpc_board_nxp_lpcxpresso_1769\Debug\liblpc_board_nxp_lpcxpresso_1769.a(board_sysinit.o)
 .rodata.str1.1
                0x00004518       0x18 c:/nxp/lpcxpresso_8.2.0_647/lpcxpresso/tools/bin/../lib/gcc/arm-none-eabi/5.3.1/../../../../arm-none-eabi/lib/armv7-m\libcr_c.a(alloc.o)
 .rodata.str1.1
                0x00004530       0x34 c:/nxp/lpcxpresso_8.2.0_647/lpcxpresso/tools/bin/../lib/gcc/arm-none-eabi/5.3.1/../../../../arm-none-eabi/lib/armv7-m\libcr_c.a(fpprintf.o)
                                 0x35 (size before relaxing)
 .rodata.str1.1
                0x00004564        0x4 c:/nxp/lpcxpresso_8.2.0_647/lpcxpresso/tools/bin/../lib/gcc/arm-none-eabi/5.3.1/../../../../arm-none-eabi/lib/armv7-m\libcr_c.a(initio.o)
 .rodata.str1.1
                0x00004568       0x31 c:/nxp/lpcxpresso_8.2.0_647/lpcxpresso/tools/bin/../lib/gcc/arm-none-eabi/5.3.1/../../../../arm-none-eabi/lib/armv7-m\libcr_c.a(printf.o)
                                 0x38 (size before relaxing)
 *fill*         0x00004599        0x7 ff
 .rodata.__huge_vall
                0x000045a0        0x8 c:/nxp/lpcxpresso_8.2.0_647/lpcxpresso/tools/bin/../lib/gcc/arm-none-eabi/5.3.1/../../../../arm-none-eabi/lib/armv7-m\libcr_c.a(_hugeval.o)
                0x000045a0                __huge_vall
                0x000045a8                . = ALIGN (0x4)

.glue_7         0x000045a8        0x0
 .glue_7        0x000045a8        0x0 linker stubs

.glue_7t        0x000045a8        0x0
 .glue_7t       0x000045a8        0x0 linker stubs

.vfp11_veneer   0x000045a8        0x0
 .vfp11_veneer  0x000045a8        0x0 linker stubs

.v4_bx          0x000045a8        0x0
 .v4_bx         0x000045a8        0x0 linker stubs

.iplt           0x000045a8        0x0
 .iplt          0x000045a8        0x0 ./freertos/src/FreeRTOSCommonHooks.o

.rel.dyn        0x000045a8        0x0
 .rel.iplt      0x000045a8        0x0 ./freertos/src/FreeRTOSCommonHooks.o

.ARM.extab
 *(.ARM.extab* .gnu.linkonce.armextab.*)
                0x000045a8                __exidx_start = .

.ARM.exidx
 *(.ARM.exidx* .gnu.linkonce.armexidx.*)
                0x000045a8                __exidx_end = .
                0x000045a8                _etext = .

.data_RAM2      0x2007c000        0x0 load address 0x000045a8
 FILL mask 0xff
                [!provide]                PROVIDE (__start_data_RAM2, .)
 *(.ramfunc.$RAM2)
 *(.ramfunc.$RamAHB32)
 *(.data.$RAM2*)
 *(.data.$RamAHB32*)
                0x2007c000                . = ALIGN (0x4)
                [!provide]                PROVIDE (__end_data_RAM2, .)

.uninit_RESERVED
                0x10000000        0x0
 *(.bss.$RESERVED*)
                0x10000000                . = ALIGN (0x4)
                0x10000000                _end_uninit_RESERVED = .

.data           0x10000000        0xc load address 0x000045a8
 FILL mask 0xff
                0x10000000                _data = .
 *(vtable)
 *(.ramfunc*)
 *(.data*)
 .data.uxCriticalNesting
                0x10000000        0x4 ./freertos/src/port.o
 .data.xNextTaskUnblockTime
                0x10000004        0x4 ./freertos/src/tasks.o
 .data.pcTextForMain
                0x10000008        0x4 ./example/src/freertos_examples_1_to_9.o
                0x10000008                pcTextForMain
                0x1000000c                . = ALIGN (0x4)
                0x1000000c                _edata = .

.igot.plt       0x1000000c        0x0 load address 0x000045b4
 .igot.plt      0x1000000c        0x0 ./freertos/src/FreeRTOSCommonHooks.o

.bss_RAM2       0x2007c000        0x0
                [!provide]                PROVIDE (__start_bss_RAM2, .)
 *(.bss.$RAM2*)
 *(.bss.$RamAHB32*)
                0x2007c000                . = ALIGN ((. != 0x0)?0x4:0x1)
                [!provide]                PROVIDE (__end_bss_RAM2, .)

.bss            0x1000000c      0x298
                0x1000000c                _bss = .
 *(.bss*)
 .bss.ulTimerCountsForOneTick
                0x1000000c        0x4 ./freertos/src/port.o
 .bss.xMaximumPossibleSuppressedTicks
                0x10000010        0x4 ./freertos/src/port.o
 .bss.ulStoppedTimerCompensation
                0x10000014        0x4 ./freertos/src/port.o
 .bss.pxCurrentTCB
                0x10000018        0x4 ./freertos/src/tasks.o
                0x10000018                pxCurrentTCB
 .bss.pxReadyTasksLists
                0x1000001c       0xa0 ./freertos/src/tasks.o
 .bss.xDelayedTaskList1
                0x100000bc       0x14 ./freertos/src/tasks.o
 .bss.xDelayedTaskList2
                0x100000d0       0x14 ./freertos/src/tasks.o
 .bss.pxDelayedTaskList
                0x100000e4        0x4 ./freertos/src/tasks.o
 .bss.pxOverflowDelayedTaskList
                0x100000e8        0x4 ./freertos/src/tasks.o
 .bss.xPendingReadyList
                0x100000ec       0x14 ./freertos/src/tasks.o
 .bss.xTasksWaitingTermination
                0x10000100       0x14 ./freertos/src/tasks.o
 .bss.uxTasksDeleted
                0x10000114        0x4 ./freertos/src/tasks.o
 .bss.xSuspendedTaskList
                0x10000118       0x14 ./freertos/src/tasks.o
 .bss.uxCurrentNumberOfTasks
                0x1000012c        0x4 ./freertos/src/tasks.o
 .bss.xTickCount
                0x10000130        0x4 ./freertos/src/tasks.o
 .bss.uxTopReadyPriority
                0x10000134        0x4 ./freertos/src/tasks.o
 .bss.xSchedulerRunning
                0x10000138        0x4 ./freertos/src/tasks.o
 .bss.uxSchedulerSuspended
                0x1000013c        0x4 ./freertos/src/tasks.o
 .bss.uxPendedTicks
                0x10000140        0x4 ./freertos/src/tasks.o
 .bss.xYieldPending
                0x10000144        0x4 ./freertos/src/tasks.o
 .bss.xNumOfOverflows
                0x10000148        0x4 ./freertos/src/tasks.o
 .bss.uxTaskNumber
                0x1000014c        0x4 ./freertos/src/tasks.o
 .bss._extra    0x10000150        0x4 c:/nxp/lpcxpresso_8.2.0_647/lpcxpresso/tools/bin/../lib/gcc/arm-none-eabi/5.3.1/../../../../arm-none-eabi/lib/armv7-m\libcr_c.a(initio.o)
                0x10000150                _extra
 .bss.__Ciob    0x10000154      0x140 c:/nxp/lpcxpresso_8.2.0_647/lpcxpresso/tools/bin/../lib/gcc/arm-none-eabi/5.3.1/../../../../arm-none-eabi/lib/armv7-m\libcr_c.a(stdio.o)
                0x10000154                __Ciob
 .bss.__heaps   0x10000294        0x4 c:/nxp/lpcxpresso_8.2.0_647/lpcxpresso/tools/bin/../lib/gcc/arm-none-eabi/5.3.1/../../../../arm-none-eabi/lib/armv7-m\libcr_c.a(__init_alloc.o)
                0x10000294                __heaps
 .bss.__end_of_heap
                0x10000298        0x4 c:/nxp/lpcxpresso_8.2.0_647/lpcxpresso/tools/bin/../lib/gcc/arm-none-eabi/5.3.1/../../../../arm-none-eabi/lib/armv7-m\libcr_c.a(__init_alloc.o)
                0x10000298                __end_of_heap
 .bss.errno     0x1000029c        0x4 c:/nxp/lpcxpresso_8.2.0_647/lpcxpresso/tools/bin/../lib/gcc/arm-none-eabi/5.3.1/../../../../arm-none-eabi/lib/armv7-m\libcr_c.a(errno.o)
                0x1000029c                errno
 *(COMMON)
 COMMON         0x100002a0        0x4 C:\Users\JMCruz\Documents\LPCXpresso_8.2.0_647\workspace-TP3\lpc_chip_175x_6x\Debug\liblpc_chip_175x_6x.a(chip_17xx_40xx.o)
                0x100002a0                SystemCoreClock
                0x100002a4                . = ALIGN (0x4)
                0x100002a4                _ebss = .
                [!provide]                PROVIDE (end, .)

.noinit_RAM2    0x2007c000        0x0
 *(.noinit.$RAM2*)
 *(.noinit.$RamAHB32*)
                0x2007c000                . = ALIGN (0x4)

.noinit         0x100002a4        0x0
                0x100002a4                _noinit = .
 *(.noinit*)
                0x100002a4                . = ALIGN (0x4)
                0x100002a4                _end_noinit = .
                0x100002a4                PROVIDE (_pvHeapStart, DEFINED (__user_heap_base)?__user_heap_base:.)
                0x10008000                PROVIDE (_vStackTop, DEFINED (__user_stack_top)?__user_stack_top:(__top_RamLoc32 - 0x0))
                [!provide]                PROVIDE (__valid_user_code_checksum, (0x0 - ((((((_vStackTop + (ResetISR + 0x1)) + (NMI_Handler + 0x1)) + (HardFault_Handler + 0x1)) + (DEFINED (MemManage_Handler)?MemManage_Handler:0x0 + 0x1)) + (DEFINED (BusFault_Handler)?BusFault_Handler:0x0 + 0x1)) + (DEFINED (UsageFault_Handler)?UsageFault_Handler:0x0 + 0x1))))
OUTPUT(freertos_examples_1_to_9.axf elf32-littlearm)

.debug_info     0x00000000     0x6107
 .debug_info    0x00000000      0x19f ./freertos/src/FreeRTOSCommonHooks.o
 .debug_info    0x0000019f      0x134 ./freertos/src/heap_3.o
 .debug_info    0x000002d3      0x2cf ./freertos/src/list.o
 .debug_info    0x000005a2      0x3d8 ./freertos/src/port.o
 .debug_info    0x0000097a     0x11fb ./freertos/src/tasks.o
 .debug_info    0x00001b75      0x250 ./example/src/cr_startup_lpc175x_6x.o
 .debug_info    0x00001dc5      0x24c ./example/src/freertos_examples_1_to_9.o
 .debug_info    0x00002011      0x110 ./example/src/sysinit.o
 .debug_info    0x00002121     0x13d9 C:\Users\JMCruz\Documents\LPCXpresso_8.2.0_647\workspace-TP3\lpc_board_nxp_lpcxpresso_1769\Debug\liblpc_board_nxp_lpcxpresso_1769.a(board.o)
 .debug_info    0x000034fa      0x591 C:\Users\JMCruz\Documents\LPCXpresso_8.2.0_647\workspace-TP3\lpc_board_nxp_lpcxpresso_1769\Debug\liblpc_board_nxp_lpcxpresso_1769.a(board_sysinit.o)
 .debug_info    0x00003a8b      0x51e C:\Users\JMCruz\Documents\LPCXpresso_8.2.0_647\workspace-TP3\lpc_chip_175x_6x\Debug\liblpc_chip_175x_6x.a(chip_17xx_40xx.o)
 .debug_info    0x00003fa9      0xb62 C:\Users\JMCruz\Documents\LPCXpresso_8.2.0_647\workspace-TP3\lpc_chip_175x_6x\Debug\liblpc_chip_175x_6x.a(clock_17xx_40xx.o)
 .debug_info    0x00004b0b      0x2e9 C:\Users\JMCruz\Documents\LPCXpresso_8.2.0_647\workspace-TP3\lpc_chip_175x_6x\Debug\liblpc_chip_175x_6x.a(iocon_17xx_40xx.o)
 .debug_info    0x00004df4      0x439 C:\Users\JMCruz\Documents\LPCXpresso_8.2.0_647\workspace-TP3\lpc_chip_175x_6x\Debug\liblpc_chip_175x_6x.a(sysinit_17xx_40xx.o)
 .debug_info    0x0000522d      0xeda C:\Users\JMCruz\Documents\LPCXpresso_8.2.0_647\workspace-TP3\lpc_chip_175x_6x\Debug\liblpc_chip_175x_6x.a(uart_17xx_40xx.o)

.debug_abbrev   0x00000000     0x183e
 .debug_abbrev  0x00000000      0x129 ./freertos/src/FreeRTOSCommonHooks.o
 .debug_abbrev  0x00000129       0xd4 ./freertos/src/heap_3.o
 .debug_abbrev  0x000001fd       0xec ./freertos/src/list.o
 .debug_abbrev  0x000002e9      0x1df ./freertos/src/port.o
 .debug_abbrev  0x000004c8      0x246 ./freertos/src/tasks.o
 .debug_abbrev  0x0000070e       0xf5 ./example/src/cr_startup_lpc175x_6x.o
 .debug_abbrev  0x00000803      0x118 ./example/src/freertos_examples_1_to_9.o
 .debug_abbrev  0x0000091b       0xa3 ./example/src/sysinit.o
 .debug_abbrev  0x000009be      0x379 C:\Users\JMCruz\Documents\LPCXpresso_8.2.0_647\workspace-TP3\lpc_board_nxp_lpcxpresso_1769\Debug\liblpc_board_nxp_lpcxpresso_1769.a(board.o)
 .debug_abbrev  0x00000d37      0x15c C:\Users\JMCruz\Documents\LPCXpresso_8.2.0_647\workspace-TP3\lpc_board_nxp_lpcxpresso_1769\Debug\liblpc_board_nxp_lpcxpresso_1769.a(board_sysinit.o)
 .debug_abbrev  0x00000e93      0x13c C:\Users\JMCruz\Documents\LPCXpresso_8.2.0_647\workspace-TP3\lpc_chip_175x_6x\Debug\liblpc_chip_175x_6x.a(chip_17xx_40xx.o)
 .debug_abbrev  0x00000fcf      0x2ec C:\Users\JMCruz\Documents\LPCXpresso_8.2.0_647\workspace-TP3\lpc_chip_175x_6x\Debug\liblpc_chip_175x_6x.a(clock_17xx_40xx.o)
 .debug_abbrev  0x000012bb      0x126 C:\Users\JMCruz\Documents\LPCXpresso_8.2.0_647\workspace-TP3\lpc_chip_175x_6x\Debug\liblpc_chip_175x_6x.a(iocon_17xx_40xx.o)
 .debug_abbrev  0x000013e1      0x175 C:\Users\JMCruz\Documents\LPCXpresso_8.2.0_647\workspace-TP3\lpc_chip_175x_6x\Debug\liblpc_chip_175x_6x.a(sysinit_17xx_40xx.o)
 .debug_abbrev  0x00001556      0x2e8 C:\Users\JMCruz\Documents\LPCXpresso_8.2.0_647\workspace-TP3\lpc_chip_175x_6x\Debug\liblpc_chip_175x_6x.a(uart_17xx_40xx.o)

.debug_aranges  0x00000000      0x828
 .debug_aranges
                0x00000000       0x40 ./freertos/src/FreeRTOSCommonHooks.o
 .debug_aranges
                0x00000040       0x28 ./freertos/src/heap_3.o
 .debug_aranges
                0x00000068       0x40 ./freertos/src/list.o
 .debug_aranges
                0x000000a8       0x90 ./freertos/src/port.o
 .debug_aranges
                0x00000138      0x170 ./freertos/src/tasks.o
 .debug_aranges
                0x000002a8       0x80 ./example/src/cr_startup_lpc175x_6x.o
 .debug_aranges
                0x00000328       0x38 ./example/src/freertos_examples_1_to_9.o
 .debug_aranges
                0x00000360       0x20 ./example/src/sysinit.o
 .debug_aranges
                0x00000380      0x160 C:\Users\JMCruz\Documents\LPCXpresso_8.2.0_647\workspace-TP3\lpc_board_nxp_lpcxpresso_1769\Debug\liblpc_board_nxp_lpcxpresso_1769.a(board.o)
 .debug_aranges
                0x000004e0       0x38 C:\Users\JMCruz\Documents\LPCXpresso_8.2.0_647\workspace-TP3\lpc_board_nxp_lpcxpresso_1769\Debug\liblpc_board_nxp_lpcxpresso_1769.a(board_sysinit.o)
 .debug_aranges
                0x00000518       0x38 C:\Users\JMCruz\Documents\LPCXpresso_8.2.0_647\workspace-TP3\lpc_chip_175x_6x\Debug\liblpc_chip_175x_6x.a(chip_17xx_40xx.o)
 .debug_aranges
                0x00000550      0x120 C:\Users\JMCruz\Documents\LPCXpresso_8.2.0_647\workspace-TP3\lpc_chip_175x_6x\Debug\liblpc_chip_175x_6x.a(clock_17xx_40xx.o)
 .debug_aranges
                0x00000670       0x30 C:\Users\JMCruz\Documents\LPCXpresso_8.2.0_647\workspace-TP3\lpc_chip_175x_6x\Debug\liblpc_chip_175x_6x.a(iocon_17xx_40xx.o)
 .debug_aranges
                0x000006a0       0x60 C:\Users\JMCruz\Documents\LPCXpresso_8.2.0_647\workspace-TP3\lpc_chip_175x_6x\Debug\liblpc_chip_175x_6x.a(sysinit_17xx_40xx.o)
 .debug_aranges
                0x00000700      0x128 C:\Users\JMCruz\Documents\LPCXpresso_8.2.0_647\workspace-TP3\lpc_chip_175x_6x\Debug\liblpc_chip_175x_6x.a(uart_17xx_40xx.o)

.debug_ranges   0x00000000      0x738
 .debug_ranges  0x00000000       0x30 ./freertos/src/FreeRTOSCommonHooks.o
 .debug_ranges  0x00000030       0x18 ./freertos/src/heap_3.o
 .debug_ranges  0x00000048       0x30 ./freertos/src/list.o
 .debug_ranges  0x00000078       0x80 ./freertos/src/port.o
 .debug_ranges  0x000000f8      0x160 ./freertos/src/tasks.o
 .debug_ranges  0x00000258       0x70 ./example/src/cr_startup_lpc175x_6x.o
 .debug_ranges  0x000002c8       0x28 ./example/src/freertos_examples_1_to_9.o
 .debug_ranges  0x000002f0       0x10 ./example/src/sysinit.o
 .debug_ranges  0x00000300      0x150 C:\Users\JMCruz\Documents\LPCXpresso_8.2.0_647\workspace-TP3\lpc_board_nxp_lpcxpresso_1769\Debug\liblpc_board_nxp_lpcxpresso_1769.a(board.o)
 .debug_ranges  0x00000450       0x28 C:\Users\JMCruz\Documents\LPCXpresso_8.2.0_647\workspace-TP3\lpc_board_nxp_lpcxpresso_1769\Debug\liblpc_board_nxp_lpcxpresso_1769.a(board_sysinit.o)
 .debug_ranges  0x00000478       0x28 C:\Users\JMCruz\Documents\LPCXpresso_8.2.0_647\workspace-TP3\lpc_chip_175x_6x\Debug\liblpc_chip_175x_6x.a(chip_17xx_40xx.o)
 .debug_ranges  0x000004a0      0x110 C:\Users\JMCruz\Documents\LPCXpresso_8.2.0_647\workspace-TP3\lpc_chip_175x_6x\Debug\liblpc_chip_175x_6x.a(clock_17xx_40xx.o)
 .debug_ranges  0x000005b0       0x20 C:\Users\JMCruz\Documents\LPCXpresso_8.2.0_647\workspace-TP3\lpc_chip_175x_6x\Debug\liblpc_chip_175x_6x.a(iocon_17xx_40xx.o)
 .debug_ranges  0x000005d0       0x50 C:\Users\JMCruz\Documents\LPCXpresso_8.2.0_647\workspace-TP3\lpc_chip_175x_6x\Debug\liblpc_chip_175x_6x.a(sysinit_17xx_40xx.o)
 .debug_ranges  0x00000620      0x118 C:\Users\JMCruz\Documents\LPCXpresso_8.2.0_647\workspace-TP3\lpc_chip_175x_6x\Debug\liblpc_chip_175x_6x.a(uart_17xx_40xx.o)

.debug_macro    0x00000000     0x6a7b
 .debug_macro   0x00000000      0x2a2 ./freertos/src/FreeRTOSCommonHooks.o
 .debug_macro   0x000002a2      0x88c ./freertos/src/FreeRTOSCommonHooks.o
 .debug_macro   0x00000b2e       0x10 ./freertos/src/FreeRTOSCommonHooks.o
 .debug_macro   0x00000b3e      0x12d ./freertos/src/FreeRTOSCommonHooks.o
 .debug_macro   0x00000c6b       0x16 ./freertos/src/FreeRTOSCommonHooks.o
 .debug_macro   0x00000c81       0x46 ./freertos/src/FreeRTOSCommonHooks.o
 .debug_macro   0x00000cc7      0x5b2 ./freertos/src/FreeRTOSCommonHooks.o
 .debug_macro   0x00001279       0x22 ./freertos/src/FreeRTOSCommonHooks.o
 .debug_macro   0x0000129b       0x74 ./freertos/src/FreeRTOSCommonHooks.o
 .debug_macro   0x0000130f       0x10 ./freertos/src/FreeRTOSCommonHooks.o
 .debug_macro   0x0000131f       0x2d ./freertos/src/FreeRTOSCommonHooks.o
 .debug_macro   0x0000134c       0x3a ./freertos/src/FreeRTOSCommonHooks.o
 .debug_macro   0x00001386       0x2d ./freertos/src/FreeRTOSCommonHooks.o
 .debug_macro   0x000013b3      0xbb1 ./freertos/src/FreeRTOSCommonHooks.o
 .debug_macro   0x00001f64      0x22c ./freertos/src/FreeRTOSCommonHooks.o
 .debug_macro   0x00002190       0x42 ./freertos/src/FreeRTOSCommonHooks.o
 .debug_macro   0x000021d2       0x52 ./freertos/src/FreeRTOSCommonHooks.o
 .debug_macro   0x00002224       0x78 ./freertos/src/FreeRTOSCommonHooks.o
 .debug_macro   0x0000229c       0x82 ./freertos/src/FreeRTOSCommonHooks.o
 .debug_macro   0x0000231e      0x48c ./freertos/src/FreeRTOSCommonHooks.o
 .debug_macro   0x000027aa       0x34 ./freertos/src/FreeRTOSCommonHooks.o
 .debug_macro   0x000027de      0x4c5 ./freertos/src/FreeRTOSCommonHooks.o
 .debug_macro   0x00002ca3      0x1b7 ./freertos/src/FreeRTOSCommonHooks.o
 .debug_macro   0x00002e5a       0x10 ./freertos/src/FreeRTOSCommonHooks.o
 .debug_macro   0x00002e6a      0x21b ./freertos/src/FreeRTOSCommonHooks.o
 .debug_macro   0x00003085      0x1b9 ./freertos/src/FreeRTOSCommonHooks.o
 .debug_macro   0x0000323e       0x40 ./freertos/src/FreeRTOSCommonHooks.o
 .debug_macro   0x0000327e       0x22 ./freertos/src/FreeRTOSCommonHooks.o
 .debug_macro   0x000032a0      0x162 ./freertos/src/FreeRTOSCommonHooks.o
 .debug_macro   0x00003402       0x94 ./freertos/src/FreeRTOSCommonHooks.o
 .debug_macro   0x00003496       0xb8 ./freertos/src/FreeRTOSCommonHooks.o
 .debug_macro   0x0000354e       0x4c ./freertos/src/FreeRTOSCommonHooks.o
 .debug_macro   0x0000359a       0x16 ./freertos/src/FreeRTOSCommonHooks.o
 .debug_macro   0x000035b0      0x328 ./freertos/src/FreeRTOSCommonHooks.o
 .debug_macro   0x000038d8       0x49 ./freertos/src/FreeRTOSCommonHooks.o
 .debug_macro   0x00003921       0x16 ./freertos/src/FreeRTOSCommonHooks.o
 .debug_macro   0x00003937       0xca ./freertos/src/FreeRTOSCommonHooks.o
 .debug_macro   0x00003a01       0x11 ./freertos/src/FreeRTOSCommonHooks.o
 .debug_macro   0x00003a12       0xa6 ./freertos/src/FreeRTOSCommonHooks.o
 .debug_macro   0x00003ab8       0x9a ./freertos/src/FreeRTOSCommonHooks.o
 .debug_macro   0x00003b52       0x20 ./freertos/src/FreeRTOSCommonHooks.o
 .debug_macro   0x00003b72       0x28 ./freertos/src/FreeRTOSCommonHooks.o
 .debug_macro   0x00003b9a       0xee ./freertos/src/FreeRTOSCommonHooks.o
 .debug_macro   0x00003c88       0xab ./freertos/src/FreeRTOSCommonHooks.o
 .debug_macro   0x00003d33       0x12 ./freertos/src/FreeRTOSCommonHooks.o
 .debug_macro   0x00003d45       0x1f ./freertos/src/FreeRTOSCommonHooks.o
 .debug_macro   0x00003d64      0x257 ./freertos/src/FreeRTOSCommonHooks.o
 .debug_macro   0x00003fbb       0x64 ./freertos/src/FreeRTOSCommonHooks.o
 .debug_macro   0x0000401f       0x57 ./freertos/src/FreeRTOSCommonHooks.o
 .debug_macro   0x00004076      0x2b2 ./freertos/src/heap_3.o
 .debug_macro   0x00004328       0x28 ./freertos/src/heap_3.o
 .debug_macro   0x00004350      0x297 ./freertos/src/list.o
 .debug_macro   0x000045e7      0x329 ./freertos/src/port.o
 .debug_macro   0x00004910      0x336 ./freertos/src/tasks.o
 .debug_macro   0x00004c46       0x5b ./freertos/src/tasks.o
 .debug_macro   0x00004ca1       0x16 ./freertos/src/tasks.o
 .debug_macro   0x00004cb7       0x1d ./example/src/cr_startup_lpc175x_6x.o
 .debug_macro   0x00004cd4      0x2fd ./example/src/freertos_examples_1_to_9.o
 .debug_macro   0x00004fd1       0x7b ./example/src/freertos_examples_1_to_9.o
 .debug_macro   0x0000504c       0x18 ./example/src/freertos_examples_1_to_9.o
 .debug_macro   0x00005064       0x10 ./example/src/freertos_examples_1_to_9.o
 .debug_macro   0x00005074       0xf4 ./example/src/freertos_examples_1_to_9.o
 .debug_macro   0x00005168       0x77 ./example/src/freertos_examples_1_to_9.o
 .debug_macro   0x000051df       0x1c ./example/src/freertos_examples_1_to_9.o
 .debug_macro   0x000051fb      0x217 ./example/src/sysinit.o
 .debug_macro   0x00005412      0x2b9 C:\Users\JMCruz\Documents\LPCXpresso_8.2.0_647\workspace-TP3\lpc_board_nxp_lpcxpresso_1769\Debug\liblpc_board_nxp_lpcxpresso_1769.a(board.o)
 .debug_macro   0x000056cb      0x886 C:\Users\JMCruz\Documents\LPCXpresso_8.2.0_647\workspace-TP3\lpc_board_nxp_lpcxpresso_1769\Debug\liblpc_board_nxp_lpcxpresso_1769.a(board.o)
 .debug_macro   0x00005f51       0x12 C:\Users\JMCruz\Documents\LPCXpresso_8.2.0_647\workspace-TP3\lpc_board_nxp_lpcxpresso_1769\Debug\liblpc_board_nxp_lpcxpresso_1769.a(board.o)
 .debug_macro   0x00005f63      0x217 C:\Users\JMCruz\Documents\LPCXpresso_8.2.0_647\workspace-TP3\lpc_board_nxp_lpcxpresso_1769\Debug\liblpc_board_nxp_lpcxpresso_1769.a(board_sysinit.o)
 .debug_macro   0x0000617a      0x1cd C:\Users\JMCruz\Documents\LPCXpresso_8.2.0_647\workspace-TP3\lpc_chip_175x_6x\Debug\liblpc_chip_175x_6x.a(chip_17xx_40xx.o)
 .debug_macro   0x00006347      0x1cd C:\Users\JMCruz\Documents\LPCXpresso_8.2.0_647\workspace-TP3\lpc_chip_175x_6x\Debug\liblpc_chip_175x_6x.a(clock_17xx_40xx.o)
 .debug_macro   0x00006514      0x1cd C:\Users\JMCruz\Documents\LPCXpresso_8.2.0_647\workspace-TP3\lpc_chip_175x_6x\Debug\liblpc_chip_175x_6x.a(iocon_17xx_40xx.o)
 .debug_macro   0x000066e1      0x1cd C:\Users\JMCruz\Documents\LPCXpresso_8.2.0_647\workspace-TP3\lpc_chip_175x_6x\Debug\liblpc_chip_175x_6x.a(sysinit_17xx_40xx.o)
 .debug_macro   0x000068ae      0x1cd C:\Users\JMCruz\Documents\LPCXpresso_8.2.0_647\workspace-TP3\lpc_chip_175x_6x\Debug\liblpc_chip_175x_6x.a(uart_17xx_40xx.o)

.debug_line     0x00000000     0x5c3a
 .debug_line    0x00000000      0x667 ./freertos/src/FreeRTOSCommonHooks.o
 .debug_line    0x00000667      0x60c ./freertos/src/heap_3.o
 .debug_line    0x00000c73      0x658 ./freertos/src/list.o
 .debug_line    0x000012cb      0x73e ./freertos/src/port.o
 .debug_line    0x00001a09      0xd06 ./freertos/src/tasks.o
 .debug_line    0x0000270f       0xdd ./example/src/cr_startup_lpc175x_6x.o
 .debug_line    0x000027ec      0x677 ./example/src/freertos_examples_1_to_9.o
 .debug_line    0x00002e63      0x4a7 ./example/src/sysinit.o
 .debug_line    0x0000330a      0x875 C:\Users\JMCruz\Documents\LPCXpresso_8.2.0_647\workspace-TP3\lpc_board_nxp_lpcxpresso_1769\Debug\liblpc_board_nxp_lpcxpresso_1769.a(board.o)
 .debug_line    0x00003b7f      0x4df C:\Users\JMCruz\Documents\LPCXpresso_8.2.0_647\workspace-TP3\lpc_board_nxp_lpcxpresso_1769\Debug\liblpc_board_nxp_lpcxpresso_1769.a(board_sysinit.o)
 .debug_line    0x0000405e      0x45e C:\Users\JMCruz\Documents\LPCXpresso_8.2.0_647\workspace-TP3\lpc_chip_175x_6x\Debug\liblpc_chip_175x_6x.a(chip_17xx_40xx.o)
 .debug_line    0x000044bc      0x6da C:\Users\JMCruz\Documents\LPCXpresso_8.2.0_647\workspace-TP3\lpc_chip_175x_6x\Debug\liblpc_chip_175x_6x.a(clock_17xx_40xx.o)
 .debug_line    0x00004b96      0x44a C:\Users\JMCruz\Documents\LPCXpresso_8.2.0_647\workspace-TP3\lpc_chip_175x_6x\Debug\liblpc_chip_175x_6x.a(iocon_17xx_40xx.o)
 .debug_line    0x00004fe0      0x4d4 C:\Users\JMCruz\Documents\LPCXpresso_8.2.0_647\workspace-TP3\lpc_chip_175x_6x\Debug\liblpc_chip_175x_6x.a(sysinit_17xx_40xx.o)
 .debug_line    0x000054b4      0x786 C:\Users\JMCruz\Documents\LPCXpresso_8.2.0_647\workspace-TP3\lpc_chip_175x_6x\Debug\liblpc_chip_175x_6x.a(uart_17xx_40xx.o)

.debug_str      0x00000000    0x17f05
 .debug_str     0x00000000    0x12c08 ./freertos/src/FreeRTOSCommonHooks.o
                              0x12ceb (size before relaxing)
 .debug_str     0x00012c08      0x103 ./freertos/src/heap_3.o
                              0x12ce0 (size before relaxing)
 .debug_str     0x00012d0b      0x12e ./freertos/src/list.o
                              0x12a25 (size before relaxing)
 .debug_str     0x00012e39      0x906 ./freertos/src/port.o
                              0x1352c (size before relaxing)
 .debug_str     0x0001373f     0x153a ./freertos/src/tasks.o
                              0x144e7 (size before relaxing)
 .debug_str     0x00014c79      0x19f ./example/src/cr_startup_lpc175x_6x.o
                               0x26b0 (size before relaxing)
 .debug_str     0x00014e18     0x12c5 ./example/src/freertos_examples_1_to_9.o
                              0x140c5 (size before relaxing)
 .debug_str     0x000160dd       0x23 ./example/src/sysinit.o
                              0x10b17 (size before relaxing)
 .debug_str     0x00016100      0xdbd C:\Users\JMCruz\Documents\LPCXpresso_8.2.0_647\workspace-TP3\lpc_board_nxp_lpcxpresso_1769\Debug\liblpc_board_nxp_lpcxpresso_1769.a(board.o)
                              0x11a74 (size before relaxing)
 .debug_str     0x00016ebd      0x22d C:\Users\JMCruz\Documents\LPCXpresso_8.2.0_647\workspace-TP3\lpc_board_nxp_lpcxpresso_1769\Debug\liblpc_board_nxp_lpcxpresso_1769.a(board_sysinit.o)
                              0x10f1c (size before relaxing)
 .debug_str     0x000170ea       0xc7 C:\Users\JMCruz\Documents\LPCXpresso_8.2.0_647\workspace-TP3\lpc_chip_175x_6x\Debug\liblpc_chip_175x_6x.a(chip_17xx_40xx.o)
                              0x10b5f (size before relaxing)
 .debug_str     0x000171b1      0x857 C:\Users\JMCruz\Documents\LPCXpresso_8.2.0_647\workspace-TP3\lpc_chip_175x_6x\Debug\liblpc_chip_175x_6x.a(clock_17xx_40xx.o)
                              0x111cd (size before relaxing)
 .debug_str     0x00017a08       0x79 C:\Users\JMCruz\Documents\LPCXpresso_8.2.0_647\workspace-TP3\lpc_chip_175x_6x\Debug\liblpc_chip_175x_6x.a(iocon_17xx_40xx.o)
                              0x1064a (size before relaxing)
 .debug_str     0x00017a81       0xc4 C:\Users\JMCruz\Documents\LPCXpresso_8.2.0_647\workspace-TP3\lpc_chip_175x_6x\Debug\liblpc_chip_175x_6x.a(sysinit_17xx_40xx.o)
                              0x10832 (size before relaxing)
 .debug_str     0x00017b45      0x3c0 C:\Users\JMCruz\Documents\LPCXpresso_8.2.0_647\workspace-TP3\lpc_chip_175x_6x\Debug\liblpc_chip_175x_6x.a(uart_17xx_40xx.o)
                              0x110a2 (size before relaxing)

.comment        0x00000000       0xdc
 .comment       0x00000000       0x6e ./freertos/src/FreeRTOSCommonHooks.o
                                 0x6f (size before relaxing)
 .comment       0x0000006e       0x6f ./freertos/src/heap_3.o
 .comment       0x0000006e       0x6f ./freertos/src/list.o
 .comment       0x0000006e       0x6f ./freertos/src/port.o
 .comment       0x0000006e       0x6f ./freertos/src/tasks.o
 .comment       0x0000006e       0x6f ./example/src/cr_startup_lpc175x_6x.o
 .comment       0x0000006e       0x6f ./example/src/freertos_examples_1_to_9.o
 .comment       0x0000006e       0x6f ./example/src/sysinit.o
 .comment       0x0000006e       0x6f C:\Users\JMCruz\Documents\LPCXpresso_8.2.0_647\workspace-TP3\lpc_board_nxp_lpcxpresso_1769\Debug\liblpc_board_nxp_lpcxpresso_1769.a(board.o)
 .comment       0x0000006e       0x6f C:\Users\JMCruz\Documents\LPCXpresso_8.2.0_647\workspace-TP3\lpc_board_nxp_lpcxpresso_1769\Debug\liblpc_board_nxp_lpcxpresso_1769.a(board_sysinit.o)
 .comment       0x0000006e       0x6f C:\Users\JMCruz\Documents\LPCXpresso_8.2.0_647\workspace-TP3\lpc_chip_175x_6x\Debug\liblpc_chip_175x_6x.a(chip_17xx_40xx.o)
 .comment       0x0000006e       0x6f C:\Users\JMCruz\Documents\LPCXpresso_8.2.0_647\workspace-TP3\lpc_chip_175x_6x\Debug\liblpc_chip_175x_6x.a(clock_17xx_40xx.o)
 .comment       0x0000006e       0x6f C:\Users\JMCruz\Documents\LPCXpresso_8.2.0_647\workspace-TP3\lpc_chip_175x_6x\Debug\liblpc_chip_175x_6x.a(iocon_17xx_40xx.o)
 .comment       0x0000006e       0x6f C:\Users\JMCruz\Documents\LPCXpresso_8.2.0_647\workspace-TP3\lpc_chip_175x_6x\Debug\liblpc_chip_175x_6x.a(sysinit_17xx_40xx.o)
 .comment       0x0000006e       0x6f C:\Users\JMCruz\Documents\LPCXpresso_8.2.0_647\workspace-TP3\lpc_chip_175x_6x\Debug\liblpc_chip_175x_6x.a(uart_17xx_40xx.o)
 .comment       0x0000006e       0x6e c:/nxp/lpcxpresso_8.2.0_647/lpcxpresso/tools/bin/../lib/gcc/arm-none-eabi/5.3.1/../../../../arm-none-eabi/lib/armv7-m\libcr_nohost.a(_cr__main.o)
                                 0x6f (size before relaxing)
 .comment       0x000000dc       0x6f c:/nxp/lpcxpresso_8.2.0_647/lpcxpresso/tools/bin/../lib/gcc/arm-none-eabi/5.3.1/../../../../arm-none-eabi/lib/armv7-m\libcr_c.a(memset.o)
 .comment       0x000000dc       0x6f c:/nxp/lpcxpresso_8.2.0_647/lpcxpresso/tools/bin/../lib/gcc/arm-none-eabi/5.3.1/../../../../arm-none-eabi/lib/armv7-m\libcr_c.a(alloc.o)
 .comment       0x000000dc       0x6f c:/nxp/lpcxpresso_8.2.0_647/lpcxpresso/tools/bin/../lib/gcc/arm-none-eabi/5.3.1/../../../../arm-none-eabi/lib/armv7-m\libcr_c.a(fpprintf.o)
 .comment       0x000000dc       0x6f c:/nxp/lpcxpresso_8.2.0_647/lpcxpresso/tools/bin/../lib/gcc/arm-none-eabi/5.3.1/../../../../arm-none-eabi/lib/armv7-m\libcr_c.a(initio.o)
 .comment       0x000000dc       0x6f c:/nxp/lpcxpresso_8.2.0_647/lpcxpresso/tools/bin/../lib/gcc/arm-none-eabi/5.3.1/../../../../arm-none-eabi/lib/armv7-m\libcr_c.a(printf.o)
 .comment       0x000000dc       0x6f c:/nxp/lpcxpresso_8.2.0_647/lpcxpresso/tools/bin/../lib/gcc/arm-none-eabi/5.3.1/../../../../arm-none-eabi/lib/armv7-m\libcr_c.a(setvbuf.o)
 .comment       0x000000dc       0x6f c:/nxp/lpcxpresso_8.2.0_647/lpcxpresso/tools/bin/../lib/gcc/arm-none-eabi/5.3.1/../../../../arm-none-eabi/lib/armv7-m\libcr_c.a(stdio.o)
 .comment       0x000000dc       0x6f c:/nxp/lpcxpresso_8.2.0_647/lpcxpresso/tools/bin/../lib/gcc/arm-none-eabi/5.3.1/../../../../arm-none-eabi/lib/armv7-m\libcr_c.a(strlen.o)
 .comment       0x000000dc       0x6f c:/nxp/lpcxpresso_8.2.0_647/lpcxpresso/tools/bin/../lib/gcc/arm-none-eabi/5.3.1/../../../../arm-none-eabi/lib/armv7-m\libcr_c.a(__init_alloc.o)
 .comment       0x000000dc       0x6f c:/nxp/lpcxpresso_8.2.0_647/lpcxpresso/tools/bin/../lib/gcc/arm-none-eabi/5.3.1/../../../../arm-none-eabi/lib/armv7-m\libcr_c.a(_cr_sbrk.o)
 .comment       0x000000dc       0x6f c:/nxp/lpcxpresso_8.2.0_647/lpcxpresso/tools/bin/../lib/gcc/arm-none-eabi/5.3.1/../../../../arm-none-eabi/lib/armv7-m\libcr_c.a(_deferredlazyseek.o)
 .comment       0x000000dc       0x6f c:/nxp/lpcxpresso_8.2.0_647/lpcxpresso/tools/bin/../lib/gcc/arm-none-eabi/5.3.1/../../../../arm-none-eabi/lib/armv7-m\libcr_c.a(_fdopen.o)
 .comment       0x000000dc       0x6f c:/nxp/lpcxpresso_8.2.0_647/lpcxpresso/tools/bin/../lib/gcc/arm-none-eabi/5.3.1/../../../../arm-none-eabi/lib/armv7-m\libcr_c.a(_fflush.o)
 .comment       0x000000dc       0x6f c:/nxp/lpcxpresso_8.2.0_647/lpcxpresso/tools/bin/../lib/gcc/arm-none-eabi/5.3.1/../../../../arm-none-eabi/lib/armv7-m\libcr_c.a(_frexpl.o)
 .comment       0x000000dc       0x6f c:/nxp/lpcxpresso_8.2.0_647/lpcxpresso/tools/bin/../lib/gcc/arm-none-eabi/5.3.1/../../../../arm-none-eabi/lib/armv7-m\libcr_c.a(_ldexpl.o)
 .comment       0x000000dc       0x6f c:/nxp/lpcxpresso_8.2.0_647/lpcxpresso/tools/bin/../lib/gcc/arm-none-eabi/5.3.1/../../../../arm-none-eabi/lib/armv7-m\libcr_c.a(_writebuf.o)
 .comment       0x000000dc       0x6f c:/nxp/lpcxpresso_8.2.0_647/lpcxpresso/tools/bin/../lib/gcc/arm-none-eabi/5.3.1/../../../../arm-none-eabi/lib/armv7-m\libcr_c.a(errno.o)
 .comment       0x000000dc       0x6f c:/nxp/lpcxpresso_8.2.0_647/lpcxpresso/tools/bin/../lib/gcc/arm-none-eabi/5.3.1/../../../../arm-none-eabi/lib/armv7-m\libcr_c.a(fclose.o)
 .comment       0x000000dc       0x6f c:/nxp/lpcxpresso_8.2.0_647/lpcxpresso/tools/bin/../lib/gcc/arm-none-eabi/5.3.1/../../../../arm-none-eabi/lib/armv7-m\libcr_c.a(fflush.o)
 .comment       0x000000dc       0x6f c:/nxp/lpcxpresso_8.2.0_647/lpcxpresso/tools/bin/../lib/gcc/arm-none-eabi/5.3.1/../../../../arm-none-eabi/lib/armv7-m\libcr_c.a(fseek.o)
 .comment       0x000000dc       0x6f c:/nxp/lpcxpresso_8.2.0_647/lpcxpresso/tools/bin/../lib/gcc/arm-none-eabi/5.3.1/../../../../arm-none-eabi/lib/armv7-m\libcr_c.a(ftell.o)
 .comment       0x000000dc       0x6f c:/nxp/lpcxpresso_8.2.0_647/lpcxpresso/tools/bin/../lib/gcc/arm-none-eabi/5.3.1/../../../../arm-none-eabi/lib/armv7-m\libcr_c.a(remove.o)
 .comment       0x000000dc       0x6f c:/nxp/lpcxpresso_8.2.0_647/lpcxpresso/tools/bin/../lib/gcc/arm-none-eabi/5.3.1/../../../../arm-none-eabi/lib/armv7-m\libcr_c.a(_cr_check_heap.o)
 .comment       0x000000dc       0x6f c:/nxp/lpcxpresso_8.2.0_647/lpcxpresso/tools/bin/../lib/gcc/arm-none-eabi/5.3.1/../../../../arm-none-eabi/lib/armv7-m\libcr_c.a(_do_fflush.o)
 .comment       0x000000dc       0x6f c:/nxp/lpcxpresso_8.2.0_647/lpcxpresso/tools/bin/../lib/gcc/arm-none-eabi/5.3.1/../../../../arm-none-eabi/lib/armv7-m\libcr_c.a(_hugeval.o)
 .comment       0x000000dc       0x6f c:/nxp/lpcxpresso_8.2.0_647/lpcxpresso/tools/bin/../lib/gcc/arm-none-eabi/5.3.1/armv7-m\libcr_eabihelpers.a(double.o)
 .comment       0x000000dc       0x6f c:/nxp/lpcxpresso_8.2.0_647/lpcxpresso/tools/bin/../lib/gcc/arm-none-eabi/5.3.1/../../../../arm-none-eabi/lib/armv7-m\libcr_nohost.a(__sys_appexit.o)
 .comment       0x000000dc       0x6f c:/nxp/lpcxpresso_8.2.0_647/lpcxpresso/tools/bin/../lib/gcc/arm-none-eabi/5.3.1/../../../../arm-none-eabi/lib/armv7-m\libcr_nohost.a(__sys_close.o)
 .comment       0x000000dc       0x6f c:/nxp/lpcxpresso_8.2.0_647/lpcxpresso/tools/bin/../lib/gcc/arm-none-eabi/5.3.1/../../../../arm-none-eabi/lib/armv7-m\libcr_nohost.a(__sys_flen.o)
 .comment       0x000000dc       0x6f c:/nxp/lpcxpresso_8.2.0_647/lpcxpresso/tools/bin/../lib/gcc/arm-none-eabi/5.3.1/../../../../arm-none-eabi/lib/armv7-m\libcr_nohost.a(__sys_istty.o)
 .comment       0x000000dc       0x6f c:/nxp/lpcxpresso_8.2.0_647/lpcxpresso/tools/bin/../lib/gcc/arm-none-eabi/5.3.1/../../../../arm-none-eabi/lib/armv7-m\libcr_nohost.a(__sys_remove.o)
 .comment       0x000000dc       0x6f c:/nxp/lpcxpresso_8.2.0_647/lpcxpresso/tools/bin/../lib/gcc/arm-none-eabi/5.3.1/../../../../arm-none-eabi/lib/armv7-m\libcr_nohost.a(__sys_seek.o)
 .comment       0x000000dc       0x6f c:/nxp/lpcxpresso_8.2.0_647/lpcxpresso/tools/bin/../lib/gcc/arm-none-eabi/5.3.1/../../../../arm-none-eabi/lib/armv7-m\libcr_nohost.a(__sys_tmpnam.o)

.ARM.attributes
                0x00000000       0x31
 .ARM.attributes
                0x00000000       0x33 ./freertos/src/FreeRTOSCommonHooks.o
 .ARM.attributes
                0x00000033       0x33 ./freertos/src/heap_3.o
 .ARM.attributes
                0x00000066       0x33 ./freertos/src/list.o
 .ARM.attributes
                0x00000099       0x33 ./freertos/src/port.o
 .ARM.attributes
                0x000000cc       0x33 ./freertos/src/tasks.o
 .ARM.attributes
                0x000000ff       0x33 ./example/src/cr_startup_lpc175x_6x.o
 .ARM.attributes
                0x00000132       0x33 ./example/src/freertos_examples_1_to_9.o
 .ARM.attributes
                0x00000165       0x33 ./example/src/sysinit.o
 .ARM.attributes
                0x00000198       0x33 C:\Users\JMCruz\Documents\LPCXpresso_8.2.0_647\workspace-TP3\lpc_board_nxp_lpcxpresso_1769\Debug\liblpc_board_nxp_lpcxpresso_1769.a(board.o)
 .ARM.attributes
                0x000001cb       0x33 C:\Users\JMCruz\Documents\LPCXpresso_8.2.0_647\workspace-TP3\lpc_board_nxp_lpcxpresso_1769\Debug\liblpc_board_nxp_lpcxpresso_1769.a(board_sysinit.o)
 .ARM.attributes
                0x000001fe       0x33 C:\Users\JMCruz\Documents\LPCXpresso_8.2.0_647\workspace-TP3\lpc_chip_175x_6x\Debug\liblpc_chip_175x_6x.a(chip_17xx_40xx.o)
 .ARM.attributes
                0x00000231       0x33 C:\Users\JMCruz\Documents\LPCXpresso_8.2.0_647\workspace-TP3\lpc_chip_175x_6x\Debug\liblpc_chip_175x_6x.a(clock_17xx_40xx.o)
 .ARM.attributes
                0x00000264       0x33 C:\Users\JMCruz\Documents\LPCXpresso_8.2.0_647\workspace-TP3\lpc_chip_175x_6x\Debug\liblpc_chip_175x_6x.a(iocon_17xx_40xx.o)
 .ARM.attributes
                0x00000297       0x33 C:\Users\JMCruz\Documents\LPCXpresso_8.2.0_647\workspace-TP3\lpc_chip_175x_6x\Debug\liblpc_chip_175x_6x.a(sysinit_17xx_40xx.o)
 .ARM.attributes
                0x000002ca       0x33 C:\Users\JMCruz\Documents\LPCXpresso_8.2.0_647\workspace-TP3\lpc_chip_175x_6x\Debug\liblpc_chip_175x_6x.a(uart_17xx_40xx.o)
 .ARM.attributes
                0x000002fd       0x33 c:/nxp/lpcxpresso_8.2.0_647/lpcxpresso/tools/bin/../lib/gcc/arm-none-eabi/5.3.1/../../../../arm-none-eabi/lib/armv7-m\libcr_nohost.a(_cr__main.o)
 .ARM.attributes
                0x00000330       0x33 c:/nxp/lpcxpresso_8.2.0_647/lpcxpresso/tools/bin/../lib/gcc/arm-none-eabi/5.3.1/../../../../arm-none-eabi/lib/armv7-m\libcr_c.a(memset.o)
 .ARM.attributes
                0x00000363       0x33 c:/nxp/lpcxpresso_8.2.0_647/lpcxpresso/tools/bin/../lib/gcc/arm-none-eabi/5.3.1/../../../../arm-none-eabi/lib/armv7-m\libcr_c.a(alloc.o)
 .ARM.attributes
                0x00000396       0x33 c:/nxp/lpcxpresso_8.2.0_647/lpcxpresso/tools/bin/../lib/gcc/arm-none-eabi/5.3.1/../../../../arm-none-eabi/lib/armv7-m\libcr_c.a(fpprintf.o)
 .ARM.attributes
                0x000003c9       0x33 c:/nxp/lpcxpresso_8.2.0_647/lpcxpresso/tools/bin/../lib/gcc/arm-none-eabi/5.3.1/../../../../arm-none-eabi/lib/armv7-m\libcr_c.a(initio.o)
 .ARM.attributes
                0x000003fc       0x33 c:/nxp/lpcxpresso_8.2.0_647/lpcxpresso/tools/bin/../lib/gcc/arm-none-eabi/5.3.1/../../../../arm-none-eabi/lib/armv7-m\libcr_c.a(printf.o)
 .ARM.attributes
                0x0000042f       0x33 c:/nxp/lpcxpresso_8.2.0_647/lpcxpresso/tools/bin/../lib/gcc/arm-none-eabi/5.3.1/../../../../arm-none-eabi/lib/armv7-m\libcr_c.a(setvbuf.o)
 .ARM.attributes
                0x00000462       0x33 c:/nxp/lpcxpresso_8.2.0_647/lpcxpresso/tools/bin/../lib/gcc/arm-none-eabi/5.3.1/../../../../arm-none-eabi/lib/armv7-m\libcr_c.a(stdio.o)
 .ARM.attributes
                0x00000495       0x33 c:/nxp/lpcxpresso_8.2.0_647/lpcxpresso/tools/bin/../lib/gcc/arm-none-eabi/5.3.1/../../../../arm-none-eabi/lib/armv7-m\libcr_c.a(strlen.o)
 .ARM.attributes
                0x000004c8       0x33 c:/nxp/lpcxpresso_8.2.0_647/lpcxpresso/tools/bin/../lib/gcc/arm-none-eabi/5.3.1/../../../../arm-none-eabi/lib/armv7-m\libcr_c.a(__init_alloc.o)
 .ARM.attributes
                0x000004fb       0x33 c:/nxp/lpcxpresso_8.2.0_647/lpcxpresso/tools/bin/../lib/gcc/arm-none-eabi/5.3.1/../../../../arm-none-eabi/lib/armv7-m\libcr_c.a(_cr_sbrk.o)
 .ARM.attributes
                0x0000052e       0x33 c:/nxp/lpcxpresso_8.2.0_647/lpcxpresso/tools/bin/../lib/gcc/arm-none-eabi/5.3.1/../../../../arm-none-eabi/lib/armv7-m\libcr_c.a(_deferredlazyseek.o)
 .ARM.attributes
                0x00000561       0x33 c:/nxp/lpcxpresso_8.2.0_647/lpcxpresso/tools/bin/../lib/gcc/arm-none-eabi/5.3.1/../../../../arm-none-eabi/lib/armv7-m\libcr_c.a(_fdopen.o)
 .ARM.attributes
                0x00000594       0x33 c:/nxp/lpcxpresso_8.2.0_647/lpcxpresso/tools/bin/../lib/gcc/arm-none-eabi/5.3.1/../../../../arm-none-eabi/lib/armv7-m\libcr_c.a(_fflush.o)
 .ARM.attributes
                0x000005c7       0x33 c:/nxp/lpcxpresso_8.2.0_647/lpcxpresso/tools/bin/../lib/gcc/arm-none-eabi/5.3.1/../../../../arm-none-eabi/lib/armv7-m\libcr_c.a(_frexpl.o)
 .ARM.attributes
                0x000005fa       0x33 c:/nxp/lpcxpresso_8.2.0_647/lpcxpresso/tools/bin/../lib/gcc/arm-none-eabi/5.3.1/../../../../arm-none-eabi/lib/armv7-m\libcr_c.a(_ldexpl.o)
 .ARM.attributes
                0x0000062d       0x33 c:/nxp/lpcxpresso_8.2.0_647/lpcxpresso/tools/bin/../lib/gcc/arm-none-eabi/5.3.1/../../../../arm-none-eabi/lib/armv7-m\libcr_c.a(_writebuf.o)
 .ARM.attributes
                0x00000660       0x33 c:/nxp/lpcxpresso_8.2.0_647/lpcxpresso/tools/bin/../lib/gcc/arm-none-eabi/5.3.1/../../../../arm-none-eabi/lib/armv7-m\libcr_c.a(errno.o)
 .ARM.attributes
                0x00000693       0x33 c:/nxp/lpcxpresso_8.2.0_647/lpcxpresso/tools/bin/../lib/gcc/arm-none-eabi/5.3.1/../../../../arm-none-eabi/lib/armv7-m\libcr_c.a(fclose.o)
 .ARM.attributes
                0x000006c6       0x33 c:/nxp/lpcxpresso_8.2.0_647/lpcxpresso/tools/bin/../lib/gcc/arm-none-eabi/5.3.1/../../../../arm-none-eabi/lib/armv7-m\libcr_c.a(fflush.o)
 .ARM.attributes
                0x000006f9       0x33 c:/nxp/lpcxpresso_8.2.0_647/lpcxpresso/tools/bin/../lib/gcc/arm-none-eabi/5.3.1/../../../../arm-none-eabi/lib/armv7-m\libcr_c.a(fseek.o)
 .ARM.attributes
                0x0000072c       0x33 c:/nxp/lpcxpresso_8.2.0_647/lpcxpresso/tools/bin/../lib/gcc/arm-none-eabi/5.3.1/../../../../arm-none-eabi/lib/armv7-m\libcr_c.a(ftell.o)
 .ARM.attributes
                0x0000075f       0x33 c:/nxp/lpcxpresso_8.2.0_647/lpcxpresso/tools/bin/../lib/gcc/arm-none-eabi/5.3.1/../../../../arm-none-eabi/lib/armv7-m\libcr_c.a(remove.o)
 .ARM.attributes
                0x00000792       0x33 c:/nxp/lpcxpresso_8.2.0_647/lpcxpresso/tools/bin/../lib/gcc/arm-none-eabi/5.3.1/../../../../arm-none-eabi/lib/armv7-m\libcr_c.a(_cr_check_heap.o)
 .ARM.attributes
                0x000007c5       0x33 c:/nxp/lpcxpresso_8.2.0_647/lpcxpresso/tools/bin/../lib/gcc/arm-none-eabi/5.3.1/../../../../arm-none-eabi/lib/armv7-m\libcr_c.a(_do_fflush.o)
 .ARM.attributes
                0x000007f8       0x33 c:/nxp/lpcxpresso_8.2.0_647/lpcxpresso/tools/bin/../lib/gcc/arm-none-eabi/5.3.1/../../../../arm-none-eabi/lib/armv7-m\libcr_c.a(_hugeval.o)
 .ARM.attributes
                0x0000082b       0x33 c:/nxp/lpcxpresso_8.2.0_647/lpcxpresso/tools/bin/../lib/gcc/arm-none-eabi/5.3.1/armv7-m\libcr_eabihelpers.a(double.o)
 .ARM.attributes
                0x0000085e       0x21 c:/nxp/lpcxpresso_8.2.0_647/lpcxpresso/tools/bin/../lib/gcc/arm-none-eabi/5.3.1/armv7-m\libcr_eabihelpers.a(memcpy.o)
 .ARM.attributes
                0x0000087f       0x33 c:/nxp/lpcxpresso_8.2.0_647/lpcxpresso/tools/bin/../lib/gcc/arm-none-eabi/5.3.1/../../../../arm-none-eabi/lib/armv7-m\libcr_nohost.a(__sys_appexit.o)
 .ARM.attributes
                0x000008b2       0x33 c:/nxp/lpcxpresso_8.2.0_647/lpcxpresso/tools/bin/../lib/gcc/arm-none-eabi/5.3.1/../../../../arm-none-eabi/lib/armv7-m\libcr_nohost.a(__sys_close.o)
 .ARM.attributes
                0x000008e5       0x33 c:/nxp/lpcxpresso_8.2.0_647/lpcxpresso/tools/bin/../lib/gcc/arm-none-eabi/5.3.1/../../../../arm-none-eabi/lib/armv7-m\libcr_nohost.a(__sys_flen.o)
 .ARM.attributes
                0x00000918       0x33 c:/nxp/lpcxpresso_8.2.0_647/lpcxpresso/tools/bin/../lib/gcc/arm-none-eabi/5.3.1/../../../../arm-none-eabi/lib/armv7-m\libcr_nohost.a(__sys_istty.o)
 .ARM.attributes
                0x0000094b       0x33 c:/nxp/lpcxpresso_8.2.0_647/lpcxpresso/tools/bin/../lib/gcc/arm-none-eabi/5.3.1/../../../../arm-none-eabi/lib/armv7-m\libcr_nohost.a(__sys_remove.o)
 .ARM.attributes
                0x0000097e       0x33 c:/nxp/lpcxpresso_8.2.0_647/lpcxpresso/tools/bin/../lib/gcc/arm-none-eabi/5.3.1/../../../../arm-none-eabi/lib/armv7-m\libcr_nohost.a(__sys_seek.o)
 .ARM.attributes
                0x000009b1       0x33 c:/nxp/lpcxpresso_8.2.0_647/lpcxpresso/tools/bin/../lib/gcc/arm-none-eabi/5.3.1/../../../../arm-none-eabi/lib/armv7-m\libcr_nohost.a(__sys_tmpnam.o)

.debug_frame    0x00000000     0x1e38
 .debug_frame   0x00000000       0xb0 ./freertos/src/FreeRTOSCommonHooks.o
 .debug_frame   0x000000b0       0x58 ./freertos/src/heap_3.o
 .debug_frame   0x00000108       0xd8 ./freertos/src/list.o
 .debug_frame   0x000001e0      0x198 ./freertos/src/port.o
 .debug_frame   0x00000378      0x634 ./freertos/src/tasks.o
 .debug_frame   0x000009ac      0x170 ./example/src/cr_startup_lpc175x_6x.o
 .debug_frame   0x00000b1c       0x8c ./example/src/freertos_examples_1_to_9.o
 .debug_frame   0x00000ba8       0x34 ./example/src/sysinit.o
 .debug_frame   0x00000bdc      0x5d4 C:\Users\JMCruz\Documents\LPCXpresso_8.2.0_647\workspace-TP3\lpc_board_nxp_lpcxpresso_1769\Debug\liblpc_board_nxp_lpcxpresso_1769.a(board.o)
 .debug_frame   0x000011b0       0x8c C:\Users\JMCruz\Documents\LPCXpresso_8.2.0_647\workspace-TP3\lpc_board_nxp_lpcxpresso_1769\Debug\liblpc_board_nxp_lpcxpresso_1769.a(board_sysinit.o)
 .debug_frame   0x0000123c       0x88 C:\Users\JMCruz\Documents\LPCXpresso_8.2.0_647\workspace-TP3\lpc_chip_175x_6x\Debug\liblpc_chip_175x_6x.a(chip_17xx_40xx.o)
 .debug_frame   0x000012c4      0x490 C:\Users\JMCruz\Documents\LPCXpresso_8.2.0_647\workspace-TP3\lpc_chip_175x_6x\Debug\liblpc_chip_175x_6x.a(clock_17xx_40xx.o)
 .debug_frame   0x00001754       0x80 C:\Users\JMCruz\Documents\LPCXpresso_8.2.0_647\workspace-TP3\lpc_chip_175x_6x\Debug\liblpc_chip_175x_6x.a(iocon_17xx_40xx.o)
 .debug_frame   0x000017d4      0x12c C:\Users\JMCruz\Documents\LPCXpresso_8.2.0_647\workspace-TP3\lpc_chip_175x_6x\Debug\liblpc_chip_175x_6x.a(sysinit_17xx_40xx.o)
 .debug_frame   0x00001900      0x538 C:\Users\JMCruz\Documents\LPCXpresso_8.2.0_647\workspace-TP3\lpc_chip_175x_6x\Debug\liblpc_chip_175x_6x.a(uart_17xx_40xx.o)
